Component: ARM Compiler 5.05 update 2 (build 169) Tool: armlink [4d0f33]

==============================================================================

Section Cross References

    app.o(.text) refers to ccid.o(.text) for CCIDParser
    app.o(.text) refers to bsp.o(.text) for LEDShow
    app.o(.text) refers to specialapdu.o(.text) for SpecialAPDU
    app.o(.text) refers to contactcard.o(.text) for ContactCardT0APDU
    app.o(.text) refers to contactlesscard.o(.text) for CLTCLAPDU
    app.o(.text) refers to usb_endp.o(.text) for EP2_IN_Callback
    app.o(.text) refers to os_sem.o(.text) for OSSemPend
    app.o(.text) refers to os_time.o(.text) for OSTimeDlyHMSM
    app.o(.text) refers to os_core.o(.text) for OSStatInit
    app.o(.text) refers to os_task.o(.text) for OSTaskCreate
    app.o(.text) refers to ccid.o(.data) for bReaderStatus
    app.o(.text) refers to ccid.o(.bss) for abAPDUBuffer
    app.o(.text) refers to specialapdu.o(.data) for stuInRegs
    app.o(.text) refers to app.o(.data) for bUsbStatus
    app.o(.text) refers to app.o(.bss) for App_TaskLedCountStk
    ccid.o(.text) refers to usb_mem.o(.text) for UserToPMABufferCopy
    ccid.o(.text) refers to usb_regs.o(.text) for SetEPTxCount
    ccid.o(.text) refers to ccid.o(.data) for bPrevSeq
    ccid.o(.text) refers to ccid.o(.bss) for abBuffer
    specialapdu.o(.text) refers to fm320.o(.text) for FM320_Initial_ReaderA
    specialapdu.o(.text) refers to specialapdu.o(.data) for stuInRegs
    specialapdu.o(.text) refers to fm320.o(.bss) for CardA_Sel_Res
    specialapdu.o(.text) refers to smartcard.o(.text) for SC_Init
    specialapdu.o(.text) refers to contactlesscard.o(.text) for CLCardPPS
    specialapdu.o(.text) refers to contactcard.o(.text) for ContactCardPPS
    specialapdu.o(.text) refers to smartcard.o(.data) for Di
    specialapdu.o(.text) refers to smartcard.o(.bss) for sc_tim
    stm32f10x_it.o(.text) refers to os_cpu_a.o(.text) for OS_CPU_SR_Save
    stm32f10x_it.o(.text) refers to os_core.o(.text) for OSTimeTick
    stm32f10x_it.o(.text) refers to usb_istr.o(.text) for USB_Istr
    stm32f10x_it.o(.text) refers to smartcard.o(.text) for SC_InterruptHandler
    stm32f10x_it.o(.text) refers to os_core.o(.data) for OSIntNesting
    stm32f10x_adc.o(.text) refers to stm32f10x_rcc.o(.text) for RCC_APB2PeriphResetCmd
    stm32f10x_bkp.o(.text) refers to stm32f10x_rcc.o(.text) for RCC_BackupResetCmd
    stm32f10x_can.o(.text) refers to stm32f10x_rcc.o(.text) for RCC_APB1PeriphResetCmd
    stm32f10x_dac.o(.text) refers to stm32f10x_rcc.o(.text) for RCC_APB1PeriphResetCmd
    stm32f10x_gpio.o(.text) refers to stm32f10x_rcc.o(.text) for RCC_APB2PeriphResetCmd
    stm32f10x_i2c.o(.text) refers to stm32f10x_rcc.o(.text) for RCC_APB1PeriphResetCmd
    stm32f10x_pwr.o(.text) refers to stm32f10x_rcc.o(.text) for RCC_APB1PeriphResetCmd
    stm32f10x_rcc.o(.text) refers to stm32f10x_rcc.o(.data) for APBAHBPrescTable
    stm32f10x_spi.o(.text) refers to stm32f10x_rcc.o(.text) for RCC_APB2PeriphResetCmd
    stm32f10x_tim.o(.text) refers to stm32f10x_rcc.o(.text) for RCC_APB2PeriphResetCmd
    stm32f10x_usart.o(.text) refers to stm32f10x_rcc.o(.text) for RCC_APB2PeriphResetCmd
    stm32f10x_wwdg.o(.text) refers to stm32f10x_rcc.o(.text) for RCC_APB1PeriphResetCmd
    startup_stm32f10x_md.o(RESET) refers to startup_stm32f10x_md.o(STACK) for __initial_sp
    startup_stm32f10x_md.o(RESET) refers to startup_stm32f10x_md.o(.text) for Reset_Handler
    startup_stm32f10x_md.o(RESET) refers to stm32f10x_it.o(.text) for NMI_Handler
    startup_stm32f10x_md.o(RESET) refers to os_cpu_a.o(.text) for OS_CPU_PendSVHandler
    startup_stm32f10x_md.o(.text) refers to system_stm32f10x.o(.text) for SystemInit
    startup_stm32f10x_md.o(.text) refers to entry.o(.ARM.Collect$$$$00000000) for __main
    system_stm32f10x.o(.text) refers to system_stm32f10x.o(.data) for SystemCoreClock
    os_cpu_a.o(.text) refers to os_core.o(.data) for OSRunning
    os_cpu_a.o(.text) refers to os_cpu_c.o(.text) for OSTaskSwHook
    os_cpu_c.o(.text) refers to app.o(.text) for App_TaskCreateHook
    os_dbg.o(.text) refers to os_dbg.o(.constdata) for OSDebugEn
    os_core.o(.text) refers to os_cpu_a.o(.text) for OS_CPU_SR_Save
    os_core.o(.text) refers to os_core.o(.data) for OSIntNesting
    os_core.o(.text) refers to os_core.o(.constdata) for OSUnMapTbl
    os_core.o(.text) refers to os_core.o(.bss) for OSTCBPrioTbl
    os_core.o(.text) refers to os_task.o(.text) for OSTaskStkChk
    os_core.o(.text) refers to os_time.o(.text) for OSTimeDly
    os_core.o(.text) refers to os_cpu_c.o(.text) for OSTaskStatHook
    os_core.o(.text) refers to os_flag.o(.text) for OS_FlagInit
    os_core.o(.text) refers to os_dbg.o(.text) for OSDebugInit
    os_flag.o(.text) refers to os_cpu_a.o(.text) for OS_CPU_SR_Save
    os_flag.o(.text) refers to os_core.o(.text) for OS_Sched
    os_flag.o(.text) refers to os_core.o(.data) for OSIntNesting
    os_flag.o(.text) refers to os_core.o(.bss) for OSFlagTbl
[...]
    .text                                    0x08001200   Section        0  misc.o(.text)
    .text                                    0x080012dc   Section        0  stm32f10x_flash.o(.text)
    .text                                    0x080018b0   Section        0  stm32f10x_gpio.o(.text)
    .text                                    0x08001c0c   Section        0  stm32f10x_rcc.o(.text)
    .text                                    0x08001fb0   Section        0  stm32f10x_spi.o(.text)
    .text                                    0x080022bc   Section        0  stm32f10x_tim.o(.text)
    TI4_Config                               0x08002763   Thumb Code    80  stm32f10x_tim.o(.text)
    TI3_Config                               0x080027c5   Thumb Code    72  stm32f10x_tim.o(.text)
    TI2_Config                               0x08002827   Thumb Code    80  stm32f10x_tim.o(.text)
    TI1_Config                               0x08002889   Thumb Code    56  stm32f10x_tim.o(.text)
    .text                                    0x08002fd8   Section        0  stm32f10x_usart.o(.text)
    .text                                    0x080033f0   Section       36  startup_stm32f10x_md.o(.text)
    .text                                    0x08003414   Section        0  system_stm32f10x.o(.text)
    SetSysClockTo72                          0x08003415   Thumb Code   214  system_stm32f10x.o(.text)
    SetSysClock                              0x080034eb   Thumb Code     8  system_stm32f10x.o(.text)
    .text                                    0x080035e8   Section      164  os_cpu_a.o(.text)
    .text                                    0x0800368c   Section        0  os_cpu_c.o(.text)
    .text                                    0x08003770   Section        0  os_dbg.o(.text)
    .text                                    0x08003884   Section        0  os_core.o(.text)
    OS_SchedNew                              0x080039cb   Thumb Code    26  os_core.o(.text)
    OS_InitTaskStat                          0x08003de5   Thumb Code    52  os_core.o(.text)
    OS_InitTaskIdle                          0x08003e39   Thumb Code    52  os_core.o(.text)
    OS_InitEventList                         0x08003e7f   Thumb Code    70  os_core.o(.text)
    OS_InitTCBList                           0x08003ec5   Thumb Code    86  os_core.o(.text)
    OS_InitRdyList                           0x08003f1b   Thumb Code    46  os_core.o(.text)
    OS_InitMisc                              0x08003f49   Thumb Code    44  os_core.o(.text)
    .text                                    0x0800452c   Section        0  os_flag.o(.text)
    OS_FlagTaskRdy                           0x080046a9   Thumb Code    82  os_flag.o(.text)
    OS_FlagBlock                             0x08004893   Thumb Code   152  os_flag.o(.text)
    .text                                    0x08004d64   Section        0  os_sem.o(.text)
    .text                                    0x08005124   Section        0  os_task.o(.text)
    .text                                    0x080058f0   Section        0  os_time.o(.text)
    .text                                    0x08005ab0   Section        0  bsp.o(.text)
    NVIC_SetPriority                         0x08005ab1   Thumb Code    32  bsp.o(.text)
    .text                                    0x08005e7c   Section        0  smartcard.o(.text)
    .text                                    0x08006828   Section        0  contactcard.o(.text)
    .text                                    0x08006978   Section        0  contactlesscard.o(.text)
    .text                                    0x08006c9c   Section        0  fm320.o(.text)
    .text                                    0x08007ed8   Section        0  usb_core.o(.text)
    DataStageOut                             0x08008317   Thumb Code   166  usb_core.o(.text)
    DataStageIn                              0x080083bd   Thumb Code   166  usb_core.o(.text)
    NoData_Setup0                            0x08008463   Thumb Code   302  usb_core.o(.text)
    Data_Setup0                              0x08008591   Thumb Code   678  usb_core.o(.text)
    .text                                    0x08008a34   Section        0  usb_endp.o(.text)
    .text                                    0x08008af0   Section        0  usb_init.o(.text)
    .text                                    0x08008b2c   Section        0  usb_int.o(.text)
    .text                                    0x08008e68   Section        0  usb_istr.o(.text)
    .text                                    0x08008edc   Section        0  usb_mem.o(.text)
    .text                                    0x08008f38   Section        0  usb_prop.o(.text)
    .text                                    0x08009154   Section        0  usb_pwr.o(.text)
    .text                                    0x0800929c   Section        0  usb_regs.o(.text)
    .text                                    0x08009aa4   Section        0  usb_sil.o(.text)
    .text                                    0x08009b24   Section        0  memcpya.o(.text)
    .text                                    0x08009b48   Section       36  init.o(.text)
    .text                                    0x08009b6c   Section        0  __dczerorl2.o(.text)
    i.__scatterload_copy                     0x08009bc2   Section       14  handlers.o(i.__scatterload_copy)
    i.__scatterload_null                     0x08009bd0   Section        2  handlers.o(i.__scatterload_null)
    i.__scatterload_zeroinit                 0x08009bd2   Section       14  handlers.o(i.__scatterload_zeroinit)
    .constdata                               0x08009be0   Section       20  ccid.o(.constdata)
    .constdata                               0x08009bf4   Section       94  os_dbg.o(.constdata)
    .constdata                               0x08009c52   Section      256  os_core.o(.constdata)
    .constdata                               0x08009d52   Section        6  fm320.o(.constdata)
    .constdata                               0x08009d58   Section      165  usb_desc.o(.constdata)
    .data                                    0x20000000   Section       12  app.o(.data)
    .data                                    0x2000000c   Section       40  ccid.o(.data)
    .data                                    0x20000034   Section        4  specialapdu.o(.data)
    .data                                    0x20000038   Section       20  stm32f10x_rcc.o(.data)
    APBAHBPrescTable                         0x20000038   Data          16  stm32f10x_rcc.o(.data)
    ADCPrescTable                            0x20000048   Data           4  stm32f10x_rcc.o(.data)
    .data                                    0x2000004c   Section       20  system_stm32f10x.o(.data)
    .data                                    0x20000060   Section       64  os_core.o(.data)
    .data                                    0x200000a0   Section        1  bsp.o(.data)
    .data                                    0x200000a4   Section       81  smartcard.o(.data)
    tmp                                      0x200000f4   Data           1  smartcard.o(.data)
    .data                                    0x200000f5   Section        5  contactlesscard.o(.data)
    .data                                    0x200000fa   Section        3  usb_core.o(.data)
    .data                                    0x20000100   Section       20  usb_init.o(.data)
    .data                                    0x20000114   Section        4  usb_int.o(.data)
    .data                                    0x20000118   Section       60  usb_istr.o(.data)
    .data                                    0x20000154   Section      128  usb_prop.o(.data)
    .data                                    0x200001d4   Section        7  usb_pwr.o(.data)
    .bss                                     0x200001dc   Section     2048  app.o(.bss)
    App_TaskStartStk                         0x200001dc   Data         512  app.o(.bss)
    App_TaskCCIDStk                          0x200003dc   Data        1024  app.o(.bss)
    App_TaskLedCountStk                      0x200007dc   Data         512  app.o(.bss)
    .bss                                     0x200009dc   Section      551  ccid.o(.bss)
    .bss                                     0x20000c04   Section     3636  os_core.o(.bss)
    .bss                                     0x20001a38   Section      676  smartcard.o(.bss)
    .bss                                     0x20001cdc   Section      303  fm320.o(.bss)
    .bss                                     0x20001e0c   Section       28  usb_init.o(.bss)
    STACK                                    0x20001e28   Section     1024  startup_stm32f10x_md.o(STACK)

    Global Symbols

    Symbol Name                              Value     Ov Type        Size  Object(Section)

    BuildAttributes$$THM_ISAv4$P$D$K$B$S$PE$A:L22UL41UL21$X:L11$S22US41US21$IEEE1$IW$USESV6$~STKCKD$USESV7$~SHL$OSPACE$EBA8$MICROLIB$REQ8$PRES8$EABIv2 0x00000000   Number         0  anon$$obj.o ABSOLUTE
    __ARM_use_no_argv                        0x00000000   Number         0  app.o ABSOLUTE
    __use_no_errno                           0x00000000   Number         0  useno.o ABSOLUTE
    __use_no_exception_handling              0x00000000   Number         0  useno.o ABSOLUTE
    __use_no_fp                              0x00000000   Number         0  useno.o ABSOLUTE
    __use_no_heap                            0x00000000   Number         0  useno.o ABSOLUTE
    __use_no_heap_region                     0x00000000   Number         0  useno.o ABSOLUTE
    __use_no_semihosting                     0x00000000   Number         0  useno.o ABSOLUTE
    __use_no_semihosting_swi                 0x00000000   Number         0  useno.o ABSOLUTE
    __use_no_signal_handling                 0x00000000   Number         0  useno.o ABSOLUTE
    __cpp_initialize__aeabi_                  - Undefined Weak Reference
    __cxa_finalize                            - Undefined Weak Reference
    _clock_init                               - Undefined Weak Reference
    _microlib_exit                            - Undefined Weak Reference
    __Vectors_Size                           0x000000ec   Number         0  startup_stm32f10x_md.o ABSOLUTE
    __Vectors                                0x08000000   Data           4  startup_stm32f10x_md.o(RESET)
    __Vectors_End                            0x080000ec   Data           0  startup_stm32f10x_md.o(RESET)
    __main                                   0x080000ed   Thumb Code     0  entry.o(.ARM.Collect$$$$00000000)
    _main_stk                                0x080000ed   Thumb Code     0  entry2.o(.ARM.Collect$$$$00000001)
    _main_scatterload                        0x080000f1   Thumb Code     0  entry5.o(.ARM.Collect$$$$00000004)
    __main_after_scatterload                 0x080000f5   Thumb Code     0  entry5.o(.ARM.Collect$$$$00000004)
    _main_clock                              0x080000f5   Thumb Code     0  entry7b.o(.ARM.Collect$$$$00000008)
    _main_cpp_init                           0x080000f5   Thumb Code     0  entry8b.o(.ARM.Collect$$$$0000000A)
    _main_init                               0x080000f5   Thumb Code     0  entry9a.o(.ARM.Collect$$$$0000000B)
    __rt_final_cpp                           0x080000fd   Thumb Code     0  entry10a.o(.ARM.Collect$$$$0000000D)
    __rt_final_exit                          0x080000fd   Thumb Code     0  entry11a.o(.ARM.Collect$$$$0000000F)
    CCID_handler                             0x08000101   Thumb Code   358  app.o(.text)
    main                                     0x08000329   Thumb Code    36  app.o(.text)
    App_TaskCreateHook                       0x0800034d   Thumb Code     2  app.o(.text)
    App_TaskDelHook                          0x0800034f   Thumb Code     2  app.o(.text)
    App_TaskIdleHook                         0x08000351   Thumb Code     2  app.o(.text)
    App_TaskStatHook                         0x08000353   Thumb Code     2  app.o(.text)
    App_TaskSwHook                           0x08000355   Thumb Code     2  app.o(.text)
    App_TCBInitHook                          0x08000357   Thumb Code     2  app.o(.text)
    App_TimeTickHook                         0x08000359   Thumb Code     2  app.o(.text)
    IsValidSeq                               0x080003b5   Thumb Code    52  ccid.o(.text)
    CCIDInit                                 0x080003e9   Thumb Code    28  ccid.o(.text)
    CCIDParser                               0x08000405   Thumb Code   304  ccid.o(.text)
    CCIDOrgnize                              0x08000535   Thumb Code   316  ccid.o(.text)
    CCIDCardSlotChange                       0x08000671   Thumb Code    62  ccid.o(.text)
    CCIDCardSlotCheck                        0x080006af   Thumb Code     4  ccid.o(.text)
    InRegsInit                               0x0800071d   Thumb Code     8  specialapdu.o(.text)
    SetStatusWords                           0x08000725   Thumb Code     8  specialapdu.o(.text)
    SpecApduCL                               0x0800072d   Thumb Code  1480  specialapdu.o(.text)
    SpecApduCT                               0x08000cf5   Thumb Code   270  specialapdu.o(.text)
    DataTransmit                             0x08000e03   Thumb Code   432  specialapdu.o(.text)
    SpecialAPDU                              0x08000fb3   Thumb Code   486  specialapdu.o(.text)
    NMI_Handler                              0x08001199   Thumb Code     2  stm32f10x_it.o(.text)
    HardFault_Handler                        0x0800119b   Thumb Code     4  stm32f10x_it.o(.text)
    MemManage_Handler                        0x0800119f   Thumb Code     4  stm32f10x_it.o(.text)
    BusFault_Handler                         0x080011a3   Thumb Code     4  stm32f10x_it.o(.text)
    UsageFault_Handler                       0x080011a7   Thumb Code     4  stm32f10x_it.o(.text)
    SVC_Handler                              0x080011ab   Thumb Code     2  stm32f10x_it.o(.text)
    DebugMon_Handler                         0x080011ad   Thumb Code     2  stm32f10x_it.o(.text)
    PendSV_Handler                           0x080011af   Thumb Code     2  stm32f10x_it.o(.text)
    SysTick_Handler                          0x080011b1   Thumb Code    34  stm32f10x_it.o(.text)
    USB_LP_CAN1_RX0_IRQHandler               0x080011d3   Thumb Code     8  stm32f10x_it.o(.text)
    USART1_IRQHandler                        0x080011db   Thumb Code     2  stm32f10x_it.o(.text)
    USART2_IRQHandler                        0x080011dd   Thumb Code     2  stm32f10x_it.o(.text)
    EXTI9_5_IRQHandler                       0x080011df   Thumb Code     2  stm32f10x_it.o(.text)
    EXTI15_10_IRQHandler                     0x080011e1   Thumb Code     2  stm32f10x_it.o(.text)
    TIM1_BRK_IRQHandler                      0x080011e3   Thumb Code     2  stm32f10x_it.o(.text)
    TIM1_UP_IRQHandler                       0x080011e5   Thumb Code     2  stm32f10x_it.o(.text)
    TIM1_TRG_COM_IRQHandler                  0x080011e7   Thumb Code     2  stm32f10x_it.o(.text)
    TIM1_CC_IRQHandler                       0x080011e9   Thumb Code     2  stm32f10x_it.o(.text)
    TIM3_IRQHandler                          0x080011eb   Thumb Code     8  stm32f10x_it.o(.text)
    I2C1_EV_IRQHandler                       0x080011f3   Thumb Code     2  stm32f10x_it.o(.text)
    I2C1_ER_IRQHandler                       0x080011f5   Thumb Code     2  stm32f10x_it.o(.text)
    I2C2_EV_IRQHandler                       0x080011f7   Thumb Code     2  stm32f10x_it.o(.text)
    I2C2_ER_IRQHandler                       0x080011f9   Thumb Code     2  stm32f10x_it.o(.text)
    SPI1_IRQHandler                          0x080011fb   Thumb Code     2  stm32f10x_it.o(.text)
    NVIC_PriorityGroupConfig                 0x08001201   Thumb Code    10  misc.o(.text)
    NVIC_Init                                0x0800120b   Thumb Code   100  misc.o(.text)
    NVIC_SetVectorTable                      0x0800126f   Thumb Code    14  misc.o(.text)
    NVIC_SystemLPConfig                      0x0800127d   Thumb Code    34  misc.o(.text)
    SysTick_CLKSourceConfig                  0x0800129f   Thumb Code    40  misc.o(.text)
    FLASH_SetLatency                         0x080012dd   Thumb Code    18  stm32f10x_flash.o(.text)
    FLASH_HalfCycleAccessCmd                 0x080012ef   Thumb Code    22  stm32f10x_flash.o(.text)
    FLASH_PrefetchBufferCmd                  0x08001305   Thumb Code    22  stm32f10x_flash.o(.text)
    FLASH_Unlock                             0x0800131b   Thumb Code    12  stm32f10x_flash.o(.text)
    FLASH_UnlockBank1                        0x08001327   Thumb Code    12  stm32f10x_flash.o(.text)
    FLASH_Lock                               0x08001333   Thumb Code    14  stm32f10x_flash.o(.text)
    FLASH_LockBank1                          0x08001341   Thumb Code    14  stm32f10x_flash.o(.text)
    FLASH_GetBank1Status                     0x0800134f   Thumb Code    48  stm32f10x_flash.o(.text)
    FLASH_WaitForLastOperation               0x0800137f   Thumb Code    38  stm32f10x_flash.o(.text)
    FLASH_ErasePage                          0x080013a5   Thumb Code    76  stm32f10x_flash.o(.text)
    FLASH_EraseAllPages                      0x080013f1   Thumb Code    72  stm32f10x_flash.o(.text)
    FLASH_WaitForLastBank1Operation          0x08001439   Thumb Code    38  stm32f10x_flash.o(.text)
    FLASH_EraseAllBank1Pages                 0x0800145f   Thumb Code    72  stm32f10x_flash.o(.text)
    FLASH_GetReadOutProtectionStatus         0x080014a7   Thumb Code    20  stm32f10x_flash.o(.text)
    FLASH_EraseOptionBytes                   0x080014bb   Thumb Code   150  stm32f10x_flash.o(.text)
    FLASH_ProgramWord                        0x08001551   Thumb Code   110  stm32f10x_flash.o(.text)
    FLASH_ProgramHalfWord                    0x080015bf   Thumb Code    64  stm32f10x_flash.o(.text)
    FLASH_ProgramOptionByteData              0x080015ff   Thumb Code    72  stm32f10x_flash.o(.text)
    FLASH_EnableWriteProtection              0x08001647   Thumb Code   202  stm32f10x_flash.o(.text)
    FLASH_ReadOutProtection                  0x08001711   Thumb Code   156  stm32f10x_flash.o(.text)
    FLASH_UserOptionByteConfig               0x080017ad   Thumb Code    88  stm32f10x_flash.o(.text)
    FLASH_GetUserOptionByte                  0x08001805   Thumb Code     8  stm32f10x_flash.o(.text)
    FLASH_GetWriteProtectionOptionByte       0x0800180d   Thumb Code     6  stm32f10x_flash.o(.text)
    FLASH_GetPrefetchBufferStatus            0x08001813   Thumb Code    20  stm32f10x_flash.o(.text)
    FLASH_ITConfig                           0x08001827   Thumb Code    26  stm32f10x_flash.o(.text)
    FLASH_GetFlagStatus                      0x08001841   Thumb Code    42  stm32f10x_flash.o(.text)
    FLASH_ClearFlag                          0x0800186b   Thumb Code     6  stm32f10x_flash.o(.text)
    FLASH_GetStatus                          0x08001871   Thumb Code    48  stm32f10x_flash.o(.text)
    GPIO_DeInit                              0x080018b1   Thumb Code   172  stm32f10x_gpio.o(.text)
    GPIO_AFIODeInit                          0x0800195d   Thumb Code    20  stm32f10x_gpio.o(.text)
    GPIO_Init                                0x08001971   Thumb Code   278  stm32f10x_gpio.o(.text)
    GPIO_StructInit                          0x08001a87   Thumb Code    16  stm32f10x_gpio.o(.text)
    GPIO_ReadInputDataBit                    0x08001a97   Thumb Code    18  stm32f10x_gpio.o(.text)
    GPIO_ReadInputData                       0x08001aa9   Thumb Code     8  stm32f10x_gpio.o(.text)
    GPIO_ReadOutputDataBit                   0x08001ab1   Thumb Code    18  stm32f10x_gpio.o(.text)
    GPIO_ReadOutputData                      0x08001ac3   Thumb Code     8  stm32f10x_gpio.o(.text)
    GPIO_SetBits                             0x08001acb   Thumb Code     4  stm32f10x_gpio.o(.text)
    GPIO_ResetBits                           0x08001acf   Thumb Code     4  stm32f10x_gpio.o(.text)
    GPIO_WriteBit                            0x08001ad3   Thumb Code    10  stm32f10x_gpio.o(.text)
    GPIO_Write                               0x08001add   Thumb Code     4  stm32f10x_gpio.o(.text)
    GPIO_PinLockConfig                       0x08001ae1   Thumb Code    18  stm32f10x_gpio.o(.text)
    GPIO_EventOutputConfig                   0x08001af3   Thumb Code    26  stm32f10x_gpio.o(.text)
    GPIO_EventOutputCmd                      0x08001b0d   Thumb Code     6  stm32f10x_gpio.o(.text)
    GPIO_PinRemapConfig                      0x08001b13   Thumb Code   138  stm32f10x_gpio.o(.text)
    GPIO_EXTILineConfig                      0x08001b9d   Thumb Code    66  stm32f10x_gpio.o(.text)
    GPIO_ETH_MediaInterfaceConfig            0x08001bdf   Thumb Code     8  stm32f10x_gpio.o(.text)
    RCC_DeInit                               0x08001c0d   Thumb Code    64  stm32f10x_rcc.o(.text)
    RCC_HSEConfig                            0x08001c4d   Thumb Code    70  stm32f10x_rcc.o(.text)
    RCC_GetFlagStatus                        0x08001c93   Thumb Code    56  stm32f10x_rcc.o(.text)
    RCC_WaitForHSEStartUp                    0x08001ccb   Thumb Code    56  stm32f10x_rcc.o(.text)
    RCC_AdjustHSICalibrationValue            0x08001d03   Thumb Code    20  stm32f10x_rcc.o(.text)
    RCC_HSICmd                               0x08001d17   Thumb Code     6  stm32f10x_rcc.o(.text)
    RCC_PLLConfig                            0x08001d1d   Thumb Code    24  stm32f10x_rcc.o(.text)
    RCC_PLLCmd                               0x08001d35   Thumb Code     6  stm32f10x_rcc.o(.text)
    RCC_SYSCLKConfig                         0x08001d3b   Thumb Code    18  stm32f10x_rcc.o(.text)
    RCC_GetSYSCLKSource                      0x08001d4d   Thumb Code    10  stm32f10x_rcc.o(.text)
    RCC_HCLKConfig                           0x08001d57   Thumb Code    18  stm32f10x_rcc.o(.text)
    RCC_PCLK1Config                          0x08001d69   Thumb Code    18  stm32f10x_rcc.o(.text)
    RCC_PCLK2Config                          0x08001d7b   Thumb Code    20  stm32f10x_rcc.o(.text)
    RCC_ITConfig                             0x08001d8f   Thumb Code    26  stm32f10x_rcc.o(.text)
    RCC_USBCLKConfig                         0x08001da9   Thumb Code     8  stm32f10x_rcc.o(.text)
    RCC_ADCCLKConfig                         0x08001db1   Thumb Code    18  stm32f10x_rcc.o(.text)
    RCC_LSEConfig                            0x08001dc3   Thumb Code    50  stm32f10x_rcc.o(.text)
    RCC_LSICmd                               0x08001df5   Thumb Code     6  stm32f10x_rcc.o(.text)
    RCC_RTCCLKConfig                         0x08001dfb   Thumb Code    12  stm32f10x_rcc.o(.text)
    RCC_RTCCLKCmd                            0x08001e07   Thumb Code     8  stm32f10x_rcc.o(.text)
    RCC_GetClocksFreq                        0x08001e0f   Thumb Code   192  stm32f10x_rcc.o(.text)
    RCC_AHBPeriphClockCmd                    0x08001ecf   Thumb Code    26  stm32f10x_rcc.o(.text)
    RCC_APB2PeriphClockCmd                   0x08001ee9   Thumb Code    26  stm32f10x_rcc.o(.text)
    RCC_APB1PeriphClockCmd                   0x08001f03   Thumb Code    26  stm32f10x_rcc.o(.text)
    RCC_APB2PeriphResetCmd                   0x08001f1d   Thumb Code    26  stm32f10x_rcc.o(.text)
    RCC_APB1PeriphResetCmd                   0x08001f37   Thumb Code    26  stm32f10x_rcc.o(.text)
    RCC_BackupResetCmd                       0x08001f51   Thumb Code     8  stm32f10x_rcc.o(.text)
    RCC_ClockSecuritySystemCmd               0x08001f59   Thumb Code     6  stm32f10x_rcc.o(.text)
    RCC_MCOConfig                            0x08001f5f   Thumb Code     6  stm32f10x_rcc.o(.text)
    RCC_ClearFlag                            0x08001f65   Thumb Code    14  stm32f10x_rcc.o(.text)
    RCC_GetITStatus                          0x08001f73   Thumb Code    20  stm32f10x_rcc.o(.text)
    RCC_ClearITPendingBit                    0x08001f87   Thumb Code     6  stm32f10x_rcc.o(.text)
    SPI_I2S_DeInit                           0x08001fb1   Thumb Code    76  stm32f10x_spi.o(.text)
    SPI_Init                                 0x08001ffd   Thumb Code    60  stm32f10x_spi.o(.text)
    I2S_Init                                 0x08002039   Thumb Code   226  stm32f10x_spi.o(.text)
    SPI_StructInit                           0x0800211b   Thumb Code    24  stm32f10x_spi.o(.text)
    I2S_StructInit                           0x08002133   Thumb Code    20  stm32f10x_spi.o(.text)
    SPI_Cmd                                  0x08002147   Thumb Code    24  stm32f10x_spi.o(.text)
    I2S_Cmd                                  0x0800215f   Thumb Code    24  stm32f10x_spi.o(.text)
    SPI_I2S_ITConfig                         0x08002177   Thumb Code    32  stm32f10x_spi.o(.text)
    SPI_I2S_DMACmd                           0x08002197   Thumb Code    18  stm32f10x_spi.o(.text)
    SPI_I2S_SendData                         0x080021a9   Thumb Code     4  stm32f10x_spi.o(.text)
    SPI_I2S_ReceiveData                      0x080021ad   Thumb Code     6  stm32f10x_spi.o(.text)
    SPI_NSSInternalSoftwareConfig            0x080021b3   Thumb Code    30  stm32f10x_spi.o(.text)
    SPI_SSOutputCmd                          0x080021d1   Thumb Code    24  stm32f10x_spi.o(.text)
    SPI_DataSizeConfig                       0x080021e9   Thumb Code    18  stm32f10x_spi.o(.text)
    SPI_TransmitCRC                          0x080021fb   Thumb Code    10  stm32f10x_spi.o(.text)
    SPI_CalculateCRC                         0x08002205   Thumb Code    24  stm32f10x_spi.o(.text)
    SPI_GetCRC                               0x0800221d   Thumb Code    16  stm32f10x_spi.o(.text)
    SPI_GetCRCPolynomial                     0x0800222d   Thumb Code     6  stm32f10x_spi.o(.text)
    SPI_BiDirectionalLineConfig              0x08002233   Thumb Code    28  stm32f10x_spi.o(.text)
    SPI_I2S_GetFlagStatus                    0x0800224f   Thumb Code    18  stm32f10x_spi.o(.text)
    SPI_I2S_ClearFlag                        0x08002261   Thumb Code     6  stm32f10x_spi.o(.text)
    SPI_I2S_GetITStatus                      0x08002267   Thumb Code    52  stm32f10x_spi.o(.text)
    SPI_I2S_ClearITPendingBit                0x0800229b   Thumb Code    20  stm32f10x_spi.o(.text)
    TIM_DeInit                               0x080022bd   Thumb Code   424  stm32f10x_tim.o(.text)
    TIM_TimeBaseInit                         0x08002465   Thumb Code   122  stm32f10x_tim.o(.text)
    TIM_OC1Init                              0x080024df   Thumb Code   132  stm32f10x_tim.o(.text)
    TIM_OC2Init                              0x08002563   Thumb Code   154  stm32f10x_tim.o(.text)
    TIM_OC3Init                              0x080025fd   Thumb Code   150  stm32f10x_tim.o(.text)
    TIM_OC4Init                              0x08002693   Thumb Code   182  stm32f10x_tim.o(.text)
    TIM_SetIC4Prescaler                      0x08002749   Thumb Code    26  stm32f10x_tim.o(.text)
    TIM_SetIC3Prescaler                      0x080027b3   Thumb Code    18  stm32f10x_tim.o(.text)
    TIM_SetIC2Prescaler                      0x0800280d   Thumb Code    26  stm32f10x_tim.o(.text)
    TIM_SetIC1Prescaler                      0x08002877   Thumb Code    18  stm32f10x_tim.o(.text)
    TIM_ICInit                               0x080028c1   Thumb Code   110  stm32f10x_tim.o(.text)
    TIM_PWMIConfig                           0x0800292f   Thumb Code   124  stm32f10x_tim.o(.text)
    TIM_BDTRConfig                           0x080029ab   Thumb Code    32  stm32f10x_tim.o(.text)
    TIM_TimeBaseStructInit                   0x080029cb   Thumb Code    18  stm32f10x_tim.o(.text)
    TIM_OCStructInit                         0x080029dd   Thumb Code    20  stm32f10x_tim.o(.text)
    TIM_ICStructInit                         0x080029f1   Thumb Code    18  stm32f10x_tim.o(.text)
    TIM_BDTRStructInit                       0x08002a03   Thumb Code    18  stm32f10x_tim.o(.text)
    TIM_Cmd                                  0x08002a15   Thumb Code    24  stm32f10x_tim.o(.text)
    TIM_CtrlPWMOutputs                       0x08002a2d   Thumb Code    30  stm32f10x_tim.o(.text)
    TIM_ITConfig                             0x08002a4b   Thumb Code    18  stm32f10x_tim.o(.text)
    TIM_GenerateEvent                        0x08002a5d   Thumb Code     4  stm32f10x_tim.o(.text)
    TIM_DMAConfig                            0x08002a61   Thumb Code    10  stm32f10x_tim.o(.text)
    TIM_DMACmd                               0x08002a6b   Thumb Code    18  stm32f10x_tim.o(.text)
    TIM_InternalClockConfig                  0x08002a7d   Thumb Code    12  stm32f10x_tim.o(.text)
    TIM_SelectInputTrigger                   0x08002a89   Thumb Code    18  stm32f10x_tim.o(.text)
    TIM_ITRxExternalClockConfig              0x08002a9b   Thumb Code    24  stm32f10x_tim.o(.text)
    TIM_TIxExternalClockConfig               0x08002ab3   Thumb Code    62  stm32f10x_tim.o(.text)
    TIM_ETRConfig                            0x08002af1   Thumb Code    36  stm32f10x_tim.o(.text)
    TIM_ETRClockMode1Config                  0x08002b15   Thumb Code    54  stm32f10x_tim.o(.text)
    TIM_ETRClockMode2Config                  0x08002b4b   Thumb Code    32  stm32f10x_tim.o(.text)
    TIM_PrescalerConfig                      0x08002b6b   Thumb Code     6  stm32f10x_tim.o(.text)
    TIM_CounterModeConfig                    0x08002b71   Thumb Code    18  stm32f10x_tim.o(.text)
    TIM_EncoderInterfaceConfig               0x08002b83   Thumb Code    66  stm32f10x_tim.o(.text)
    TIM_ForcedOC1Config                      0x08002bc5   Thumb Code    18  stm32f10x_tim.o(.text)
    TIM_ForcedOC2Config                      0x08002bd7   Thumb Code    26  stm32f10x_tim.o(.text)
    TIM_ForcedOC3Config                      0x08002bf1   Thumb Code    18  stm32f10x_tim.o(.text)
    TIM_ForcedOC4Config                      0x08002c03   Thumb Code    26  stm32f10x_tim.o(.text)
    TIM_ARRPreloadConfig                     0x08002c1d   Thumb Code    24  stm32f10x_tim.o(.text)
    TIM_SelectCOM                            0x08002c35   Thumb Code    24  stm32f10x_tim.o(.text)
    TIM_SelectCCDMA                          0x08002c4d   Thumb Code    24  stm32f10x_tim.o(.text)
    TIM_CCPreloadControl                     0x08002c65   Thumb Code    24  stm32f10x_tim.o(.text)
    TIM_OC1PreloadConfig                     0x08002c7d   Thumb Code    18  stm32f10x_tim.o(.text)
    TIM_OC2PreloadConfig                     0x08002c8f   Thumb Code    26  stm32f10x_tim.o(.text)
    TIM_OC3PreloadConfig                     0x08002ca9   Thumb Code    18  stm32f10x_tim.o(.text)
    TIM_OC4PreloadConfig                     0x08002cbb   Thumb Code    26  stm32f10x_tim.o(.text)
    TIM_OC1FastConfig                        0x08002cd5   Thumb Code    18  stm32f10x_tim.o(.text)
    TIM_OC2FastConfig                        0x08002ce7   Thumb Code    26  stm32f10x_tim.o(.text)
    TIM_OC3FastConfig                        0x08002d01   Thumb Code    18  stm32f10x_tim.o(.text)
    TIM_OC4FastConfig                        0x08002d13   Thumb Code    26  stm32f10x_tim.o(.text)
    TIM_ClearOC1Ref                          0x08002d2d   Thumb Code    18  stm32f10x_tim.o(.text)
    TIM_ClearOC2Ref                          0x08002d3f   Thumb Code    24  stm32f10x_tim.o(.text)
    TIM_ClearOC3Ref                          0x08002d57   Thumb Code    18  stm32f10x_tim.o(.text)
    TIM_ClearOC4Ref                          0x08002d69   Thumb Code    24  stm32f10x_tim.o(.text)
    TIM_OC1PolarityConfig                    0x08002d81   Thumb Code    18  stm32f10x_tim.o(.text)
    TIM_OC1NPolarityConfig                   0x08002d93   Thumb Code    18  stm32f10x_tim.o(.text)
    TIM_OC2PolarityConfig                    0x08002da5   Thumb Code    26  stm32f10x_tim.o(.text)
    TIM_OC2NPolarityConfig                   0x08002dbf   Thumb Code    26  stm32f10x_tim.o(.text)
    TIM_OC3PolarityConfig                    0x08002dd9   Thumb Code    26  stm32f10x_tim.o(.text)
    TIM_OC3NPolarityConfig                   0x08002df3   Thumb Code    26  stm32f10x_tim.o(.text)
    TIM_OC4PolarityConfig                    0x08002e0d   Thumb Code    26  stm32f10x_tim.o(.text)
    TIM_CCxCmd                               0x08002e27   Thumb Code    30  stm32f10x_tim.o(.text)
    TIM_CCxNCmd                              0x08002e45   Thumb Code    30  stm32f10x_tim.o(.text)
    TIM_SelectOCxM                           0x08002e63   Thumb Code    82  stm32f10x_tim.o(.text)
    TIM_UpdateDisableConfig                  0x08002eb5   Thumb Code    24  stm32f10x_tim.o(.text)
    TIM_UpdateRequestConfig                  0x08002ecd   Thumb Code    24  stm32f10x_tim.o(.text)
    TIM_SelectHallSensor                     0x08002ee5   Thumb Code    24  stm32f10x_tim.o(.text)
    TIM_SelectOnePulseMode                   0x08002efd   Thumb Code    18  stm32f10x_tim.o(.text)
    TIM_SelectOutputTrigger                  0x08002f0f   Thumb Code    18  stm32f10x_tim.o(.text)
    TIM_SelectSlaveMode                      0x08002f21   Thumb Code    18  stm32f10x_tim.o(.text)
    TIM_SelectMasterSlaveMode                0x08002f33   Thumb Code    18  stm32f10x_tim.o(.text)
    TIM_SetCounter                           0x08002f45   Thumb Code     4  stm32f10x_tim.o(.text)
    TIM_SetAutoreload                        0x08002f49   Thumb Code     4  stm32f10x_tim.o(.text)
    TIM_SetCompare1                          0x08002f4d   Thumb Code     4  stm32f10x_tim.o(.text)
    TIM_SetCompare2                          0x08002f51   Thumb Code     4  stm32f10x_tim.o(.text)
    TIM_SetCompare3                          0x08002f55   Thumb Code     4  stm32f10x_tim.o(.text)
    TIM_SetCompare4                          0x08002f59   Thumb Code     6  stm32f10x_tim.o(.text)
    TIM_SetClockDivision                     0x08002f5f   Thumb Code    18  stm32f10x_tim.o(.text)
    TIM_GetCapture1                          0x08002f71   Thumb Code     6  stm32f10x_tim.o(.text)
    TIM_GetCapture2                          0x08002f77   Thumb Code     6  stm32f10x_tim.o(.text)
    TIM_GetCapture3                          0x08002f7d   Thumb Code     6  stm32f10x_tim.o(.text)
    TIM_GetCapture4                          0x08002f83   Thumb Code     8  stm32f10x_tim.o(.text)
    TIM_GetCounter                           0x08002f8b   Thumb Code     6  stm32f10x_tim.o(.text)
    TIM_GetPrescaler                         0x08002f91   Thumb Code     6  stm32f10x_tim.o(.text)
    TIM_GetFlagStatus                        0x08002f97   Thumb Code    18  stm32f10x_tim.o(.text)
    TIM_ClearFlag                            0x08002fa9   Thumb Code     6  stm32f10x_tim.o(.text)
    TIM_GetITStatus                          0x08002faf   Thumb Code    34  stm32f10x_tim.o(.text)
    TIM_ClearITPendingBit                    0x08002fd1   Thumb Code     6  stm32f10x_tim.o(.text)
    USART_DeInit                             0x08002fd9   Thumb Code   134  stm32f10x_usart.o(.text)
    USART_Init                               0x0800305f   Thumb Code   224  stm32f10x_usart.o(.text)
    USART_StructInit                         0x0800313f   Thumb Code    24  stm32f10x_usart.o(.text)
    USART_ClockInit                          0x08003157   Thumb Code    34  stm32f10x_usart.o(.text)
    USART_ClockStructInit                    0x08003179   Thumb Code    12  stm32f10x_usart.o(.text)
    USART_Cmd                                0x08003185   Thumb Code    24  stm32f10x_usart.o(.text)
    USART_ITConfig                           0x0800319d   Thumb Code    74  stm32f10x_usart.o(.text)
    USART_DMACmd                             0x080031e7   Thumb Code    18  stm32f10x_usart.o(.text)
    USART_SetAddress                         0x080031f9   Thumb Code    18  stm32f10x_usart.o(.text)
    USART_WakeUpConfig                       0x0800320b   Thumb Code    18  stm32f10x_usart.o(.text)
    USART_ReceiverWakeUpCmd                  0x0800321d   Thumb Code    24  stm32f10x_usart.o(.text)
    USART_LINBreakDetectLengthConfig         0x08003235   Thumb Code    18  stm32f10x_usart.o(.text)
    USART_LINCmd                             0x08003247   Thumb Code    24  stm32f10x_usart.o(.text)
    USART_SendData                           0x0800325f   Thumb Code     8  stm32f10x_usart.o(.text)
    USART_ReceiveData                        0x08003267   Thumb Code    10  stm32f10x_usart.o(.text)
    USART_SendBreak                          0x08003271   Thumb Code    10  stm32f10x_usart.o(.text)
    USART_SetGuardTime                       0x0800327b   Thumb Code    16  stm32f10x_usart.o(.text)
    USART_SetPrescaler                       0x0800328b   Thumb Code    16  stm32f10x_usart.o(.text)
    USART_SmartCardCmd                       0x0800329b   Thumb Code    24  stm32f10x_usart.o(.text)
    USART_SmartCardNACKCmd                   0x080032b3   Thumb Code    24  stm32f10x_usart.o(.text)
    USART_HalfDuplexCmd                      0x080032cb   Thumb Code    24  stm32f10x_usart.o(.text)
    USART_OverSampling8Cmd                   0x080032e3   Thumb Code    22  stm32f10x_usart.o(.text)
    USART_OneBitMethodCmd                    0x080032f9   Thumb Code    24  stm32f10x_usart.o(.text)
    USART_IrDAConfig                         0x08003311   Thumb Code    18  stm32f10x_usart.o(.text)
    USART_IrDACmd                            0x08003323   Thumb Code    24  stm32f10x_usart.o(.text)
    USART_GetFlagStatus                      0x0800333b   Thumb Code    26  stm32f10x_usart.o(.text)
    USART_ClearFlag                          0x08003355   Thumb Code    18  stm32f10x_usart.o(.text)
    USART_GetITStatus                        0x08003367   Thumb Code   106  stm32f10x_usart.o(.text)
    USART_ClearITPendingBit                  0x080033d1   Thumb Code    30  stm32f10x_usart.o(.text)
    Reset_Handler                            0x080033f1   Thumb Code     8  startup_stm32f10x_md.o(.text)
    ADC1_2_IRQHandler                        0x0800340b   Thumb Code     0  startup_stm32f10x_md.o(.text)
    CAN1_RX1_IRQHandler                      0x0800340b   Thumb Code     0  startup_stm32f10x_md.o(.text)
    CAN1_SCE_IRQHandler                      0x0800340b   Thumb Code     0  startup_stm32f10x_md.o(.text)
    DMA1_Channel1_IRQHandler                 0x0800340b   Thumb Code     0  startup_stm32f10x_md.o(.text)
    DMA1_Channel2_IRQHandler                 0x0800340b   Thumb Code     0  startup_stm32f10x_md.o(.text)
    DMA1_Channel3_IRQHandler                 0x0800340b   Thumb Code     0  startup_stm32f10x_md.o(.text)
    DMA1_Channel4_IRQHandler                 0x0800340b   Thumb Code     0  startup_stm32f10x_md.o(.text)
    DMA1_Channel5_IRQHandler                 0x0800340b   Thumb Code     0  startup_stm32f10x_md.o(.text)
    DMA1_Channel6_IRQHandler                 0x0800340b   Thumb Code     0  startup_stm32f10x_md.o(.text)
    DMA1_Channel7_IRQHandler                 0x0800340b   Thumb Code     0  startup_stm32f10x_md.o(.text)
    EXTI0_IRQHandler                         0x0800340b   Thumb Code     0  startup_stm32f10x_md.o(.text)
    EXTI1_IRQHandler                         0x0800340b   Thumb Code     0  startup_stm32f10x_md.o(.text)
    EXTI2_IRQHandler                         0x0800340b   Thumb Code     0  startup_stm32f10x_md.o(.text)
    EXTI3_IRQHandler                         0x0800340b   Thumb Code     0  startup_stm32f10x_md.o(.text)
    EXTI4_IRQHandler                         0x0800340b   Thumb Code     0  startup_stm32f10x_md.o(.text)
    FLASH_IRQHandler                         0x0800340b   Thumb Code     0  startup_stm32f10x_md.o(.text)
    PVD_IRQHandler                           0x0800340b   Thumb Code     0  startup_stm32f10x_md.o(.text)
    RCC_IRQHandler                           0x0800340b   Thumb Code     0  startup_stm32f10x_md.o(.text)
    RTCAlarm_IRQHandler                      0x0800340b   Thumb Code     0  startup_stm32f10x_md.o(.text)
    RTC_IRQHandler                           0x0800340b   Thumb Code     0  startup_stm32f10x_md.o(.text)
    SPI2_IRQHandler                          0x0800340b   Thumb Code     0  startup_stm32f10x_md.o(.text)
    TAMPER_IRQHandler                        0x0800340b   Thumb Code     0  startup_stm32f10x_md.o(.text)
    TIM2_IRQHandler                          0x0800340b   Thumb Code     0  startup_stm32f10x_md.o(.text)
    TIM4_IRQHandler                          0x0800340b   Thumb Code     0  startup_stm32f10x_md.o(.text)
    USART3_IRQHandler                        0x0800340b   Thumb Code     0  startup_stm32f10x_md.o(.text)
    USBWakeUp_IRQHandler                     0x0800340b   Thumb Code     0  startup_stm32f10x_md.o(.text)
    USB_HP_CAN1_TX_IRQHandler                0x0800340b   Thumb Code     0  startup_stm32f10x_md.o(.text)
    WWDG_IRQHandler                          0x0800340b   Thumb Code     0  startup_stm32f10x_md.o(.text)
    SystemInit                               0x080034f3   Thumb Code    70  system_stm32f10x.o(.text)
    SystemCoreClockUpdate                    0x08003539   Thumb Code   142  system_stm32f10x.o(.text)
    OS_CPU_SR_Save                           0x080035e9   Thumb Code     0  os_cpu_a.o(.text)
    OS_CPU_SR_Restore                        0x080035f1   Thumb Code     0  os_cpu_a.o(.text)
    OSStartHighRdy                           0x080035f7   Thumb Code     0  os_cpu_a.o(.text)
    OSCtxSw                                  0x08003617   Thumb Code     0  os_cpu_a.o(.text)
    OSIntCtxSw                               0x08003621   Thumb Code     0  os_cpu_a.o(.text)
    OS_CPU_PendSVHandler                     0x0800362b   Thumb Code     0  os_cpu_a.o(.text)
    OSInitHookBegin                          0x0800368d   Thumb Code     2  os_cpu_c.o(.text)
    OSInitHookEnd                            0x0800368f   Thumb Code     2  os_cpu_c.o(.text)
    OSTaskCreateHook                         0x08003691   Thumb Code    12  os_cpu_c.o(.text)
    OSTaskDelHook                            0x0800369d   Thumb Code    12  os_cpu_c.o(.text)
    OSTaskIdleHook                           0x080036a9   Thumb Code     8  os_cpu_c.o(.text)
    OSTaskStatHook                           0x080036b1   Thumb Code     8  os_cpu_c.o(.text)
    OSTaskStkInit                            0x080036b9   Thumb Code   154  os_cpu_c.o(.text)
    OSTaskSwHook                             0x08003753   Thumb Code     8  os_cpu_c.o(.text)
    OSTCBInitHook                            0x0800375b   Thumb Code    12  os_cpu_c.o(.text)
    OSTimeTickHook                           0x08003767   Thumb Code     8  os_cpu_c.o(.text)
    OSDebugInit                              0x08003771   Thumb Code    94  os_dbg.o(.text)
    OS_StrCopy                               0x08003885   Thumb Code    28  os_core.o(.text)
    OSEventNameGet                           0x080038a1   Thumb Code   100  os_core.o(.text)
    OS_StrLen                                0x08003905   Thumb Code    20  os_core.o(.text)
    OSEventNameSet                           0x08003919   Thumb Code   120  os_core.o(.text)
    OS_EventTaskRemoveMulti                  0x08003991   Thumb Code    58  os_core.o(.text)
    OS_Sched                                 0x080039e5   Thumb Code    86  os_core.o(.text)
    OS_EventTaskWaitMulti                    0x08003a3b   Thumb Code   136  os_core.o(.text)
    OSEventPendMulti                         0x08003ac3   Thumb Code   634  os_core.o(.text)
    OS_TaskStatStkChk                        0x08003d3d   Thumb Code    54  os_core.o(.text)
    OS_TaskStat                              0x08003d73   Thumb Code   114  os_core.o(.text)
    OS_TaskIdle                              0x08003e19   Thumb Code    32  os_core.o(.text)
    OS_MemClr                                0x08003e6d   Thumb Code    18  os_core.o(.text)
    OSInit                                   0x08003f75   Thumb Code    44  os_core.o(.text)
    OSIntEnter                               0x08003fa1   Thumb Code    28  os_core.o(.text)
    OSIntExit                                0x08003fbd   Thumb Code   112  os_core.o(.text)
    OSSchedLock                              0x0800402d   Thumb Code    50  os_core.o(.text)
    OSSchedUnlock                            0x0800405f   Thumb Code   226  os_core.o(.text)
    OSStart                                  0x08004141   Thumb Code    48  os_core.o(.text)
    OSStatInit                               0x08004171   Thumb Code    62  os_core.o(.text)
    OSTimeTick                               0x080041af   Thumb Code   210  os_core.o(.text)
    OSVersion                                0x08004281   Thumb Code     6  os_core.o(.text)
    OS_Dummy                                 0x08004287   Thumb Code     2  os_core.o(.text)
    OS_EventTaskRemove                       0x08004289   Thumb Code    42  os_core.o(.text)
    OS_EventTaskRdy                          0x080042b3   Thumb Code   128  os_core.o(.text)
    OS_EventTaskWait                         0x08004333   Thumb Code   112  os_core.o(.text)
    OS_EventWaitListInit                     0x080043a3   Thumb Code    28  os_core.o(.text)
    OS_MemCopy                               0x080043bf   Thumb Code    20  os_core.o(.text)
    OS_MemCopy_32                            0x080043d3   Thumb Code    14  os_core.o(.text)
    OS_TCBInit                               0x080043e1   Thumb Code   264  os_core.o(.text)
    OSFlagAccept                             0x0800452d   Thumb Code   252  os_flag.o(.text)
    OSFlagCreate                             0x08004629   Thumb Code    92  os_flag.o(.text)
    OS_FlagUnlink                            0x08004685   Thumb Code    36  os_flag.o(.text)
    OSFlagDel                                0x080046fb   Thumb Code   224  os_flag.o(.text)
    OSFlagNameGet                            0x080047db   Thumb Code    82  os_flag.o(.text)
    OSFlagNameSet                            0x0800482d   Thumb Code   102  os_flag.o(.text)
    OSFlagPend                               0x0800492b   Thumb Code   616  os_flag.o(.text)
    OSFlagPendGetFlagsRdy                    0x08004b93   Thumb Code    26  os_flag.o(.text)
    OSFlagPost                               0x08004bad   Thumb Code   312  os_flag.o(.text)
    OSFlagQuery                              0x08004ce5   Thumb Code    48  os_flag.o(.text)
    OS_FlagInit                              0x08004d15   Thumb Code    68  os_flag.o(.text)
    OSSemAccept                              0x08004d65   Thumb Code    44  os_sem.o(.text)
    OSSemCreate                              0x08004d91   Thumb Code    78  os_sem.o(.text)
    OSSemDel                                 0x08004ddf   Thumb Code   220  os_sem.o(.text)
    OSSemPend                                0x08004ebb   Thumb Code   234  os_sem.o(.text)
    OSSemPendAbort                           0x08004fa5   Thumb Code   128  os_sem.o(.text)
    OSSemPost                                0x08005025   Thumb Code    88  os_sem.o(.text)
    OSSemQuery                               0x0800507d   Thumb Code    82  os_sem.o(.text)
    OSSemSet                                 0x080050cf   Thumb Code    68  os_sem.o(.text)
    OSTaskChangePrio                         0x08005125   Thumb Code   396  os_task.o(.text)
    OSTaskCreate                             0x080052b1   Thumb Code   150  os_task.o(.text)
    OS_TaskStkClr                            0x08005347   Thumb Code    26  os_task.o(.text)
    OSTaskCreateExt                          0x08005361   Thumb Code   172  os_task.o(.text)
    OSTaskDel                                0x0800540d   Thumb Code   356  os_task.o(.text)
    OSTaskDelReq                             0x08005571   Thumb Code   100  os_task.o(.text)
    OSTaskNameGet                            0x080055d5   Thumb Code   116  os_task.o(.text)
    OSTaskNameSet                            0x08005649   Thumb Code   132  os_task.o(.text)
    OSTaskResume                             0x080056cd   Thumb Code   154  os_task.o(.text)
    OSTaskStkChk                             0x08005767   Thumb Code   132  os_task.o(.text)
    OSTaskSuspend                            0x080057eb   Thumb Code   152  os_task.o(.text)
    OSTaskQuery                              0x08005883   Thumb Code    82  os_task.o(.text)
    OSTimeDly                                0x080058f1   Thumb Code    96  os_time.o(.text)
    OSTimeDlyHMSM                            0x08005951   Thumb Code   110  os_time.o(.text)
    OSTimeDlyResume                          0x080059bf   Thumb Code   168  os_time.o(.text)
    OSTimeGet                                0x08005a67   Thumb Code    24  os_time.o(.text)
    OSTimeSet                                0x08005a7f   Thumb Code    24  os_time.o(.text)
    LEDShow                                  0x08005ad1   Thumb Code   120  bsp.o(.text)
    Set_USBClock                             0x08005b49   Thumb Code    18  bsp.o(.text)
    NVIC_Config                              0x08005b5b   Thumb Code   204  bsp.o(.text)
    GPIOPinxConfig                           0x08005c27   Thumb Code    32  bsp.o(.text)
    GPIO_Config                              0x08005c47   Thumb Code   114  bsp.o(.text)
    SysTick_Configuration                    0x08005cb9   Thumb Code    74  bsp.o(.text)
    RCC_Config                               0x08005d03   Thumb Code   142  bsp.o(.text)
    BSP_Init                                 0x08005d91   Thumb Code    84  bsp.o(.text)
    USB_Cable_Config                         0x08005de5   Thumb Code    30  bsp.o(.text)
    Enter_LowPowerMode                       0x08005e03   Thumb Code     8  bsp.o(.text)
    Leave_LowPowerMode                       0x08005e0b   Thumb Code    22  bsp.o(.text)
    SendChar                                 0x08005e21   Thumb Code    26  bsp.o(.text)
    GetKey                                   0x08005e3b   Thumb Code    26  bsp.o(.text)
    SC_uDelay                                0x08005e7d   Thumb Code    24  smartcard.o(.text)
    SC_mDelay                                0x08005e95   Thumb Code    28  smartcard.o(.text)
    SC_ETUConfig                             0x08005eb1   Thumb Code    98  smartcard.o(.text)
    SC_RecvByte                              0x08005f13   Thumb Code    56  smartcard.o(.text)
    SC_SendByte                              0x08005f4b   Thumb Code    28  smartcard.o(.text)
    SC_PPS                                   0x08005f67   Thumb Code   222  smartcard.o(.text)
    SC_ClkCmd                                0x08006045   Thumb Code    38  smartcard.o(.text)
    SC_DataTrancive                          0x0800606b   Thumb Code   116  smartcard.o(.text)
    SC_VoltageConfig                         0x080060df   Thumb Code    68  smartcard.o(.text)
    SC_Init                                  0x08006123   Thumb Code   574  smartcard.o(.text)
    SC_decode_Answer2reset                   0x08006361   Thumb Code   316  smartcard.o(.text)
    SC_ColdReset                             0x0800649d   Thumb Code   192  smartcard.o(.text)
    SC_WarmReset                             0x0800655d   Thumb Code   164  smartcard.o(.text)
    SC_ApduExchange                          0x08006601   Thumb Code   430  smartcard.o(.text)
    SC_InterruptHandler                      0x080067af   Thumb Code    74  smartcard.o(.text)
    SC_DeInit                                0x080067f9   Thumb Code    22  smartcard.o(.text)
    ContactCardPPS                           0x08006829   Thumb Code    22  contactcard.o(.text)
    ContactCardT0APDU                        0x0800683f   Thumb Code   306  contactcard.o(.text)
    CLCardInit                               0x08006979   Thumb Code    98  contactlesscard.o(.text)
    CLCardPPS                                0x080069db   Thumb Code    12  contactlesscard.o(.text)
    ContactlessCardInitCmd                   0x080069e7   Thumb Code     6  contactlesscard.o(.text)
    CLTCLAPDU                                0x080069ed   Thumb Code   666  contactlesscard.o(.text)
    CLCardPowerOff                           0x08006c87   Thumb Code    10  contactlesscard.o(.text)
    FM320_mDelay                             0x08006c9d   Thumb Code    28  fm320.o(.text)
    FM320_uDelay                             0x08006cb9   Thumb Code    24  fm320.o(.text)
    FM320_SPIConfig                          0x08006cd1   Thumb Code   208  fm320.o(.text)
    FM320_GetReg                             0x08006da1   Thumb Code   180  fm320.o(.text)
    FM320_SetReg                             0x08006e55   Thumb Code   196  fm320.o(.text)
    FM320_ModifyReg                          0x08006f19   Thumb Code    64  fm320.o(.text)
    FM320_Write_FIFO                         0x08006f59   Thumb Code    52  fm320.o(.text)
    FM320_Command_Transceive                 0x08006f8d   Thumb Code   502  fm320.o(.text)
    FM320_PPS                                0x08007183   Thumb Code   240  fm320.o(.text)
    FM320_Authent                            0x08007273   Thumb Code   206  fm320.o(.text)
    FM320_MiRead                             0x08007341   Thumb Code    74  fm320.o(.text)
    FM320_MiWrite                            0x0800738b   Thumb Code    88  fm320.o(.text)
    FM320_MiIncrement                        0x080073e3   Thumb Code   102  fm320.o(.text)
    FM320_MiDecrement                        0x08007449   Thumb Code   102  fm320.o(.text)
    FM320_MiRestore                          0x080074af   Thumb Code    94  fm320.o(.text)
    FM320_MiTransfer                         0x0800750d   Thumb Code    56  fm320.o(.text)
    FM320_ReaderA_HALT                       0x08007545   Thumb Code    54  fm320.o(.text)
    FM320_DirectSend                         0x0800757b   Thumb Code   184  fm320.o(.text)
    FM320_RateSel                            0x08007633   Thumb Code   130  fm320.o(.text)
    FM320_Enter_Idle                         0x080076b5   Thumb Code    54  fm320.o(.text)
    FM320_Initial_ReaderA                    0x080076eb   Thumb Code   598  fm320.o(.text)
    FM320_Initial_ReaderB                    0x08007941   Thumb Code   430  fm320.o(.text)
    FM320_ReaderA_Request                    0x08007aef   Thumb Code   428  fm320.o(.text)
    FM320_ReaderA_AntiCol                    0x08007c9b   Thumb Code   212  fm320.o(.text)
    FM320_ReaderA_Select                     0x08007d6f   Thumb Code   230  fm320.o(.text)
    FM320_ReaderA_Rats                       0x08007e55   Thumb Code    90  fm320.o(.text)
    FM320_ResetAllReg                        0x08007eaf   Thumb Code    28  fm320.o(.text)
    Standard_GetConfiguration                0x08007ed9   Thumb Code    34  usb_core.o(.text)
    Standard_SetConfiguration                0x08007efb   Thumb Code    60  usb_core.o(.text)
    Standard_GetInterface                    0x08007f37   Thumb Code    34  usb_core.o(.text)
    Standard_SetInterface                    0x08007f59   Thumb Code    96  usb_core.o(.text)
    Standard_GetStatus                       0x08007fb9   Thumb Code   238  usb_core.o(.text)
    Standard_ClearFeature                    0x080080a7   Thumb Code   342  usb_core.o(.text)
    Standard_SetEndPointFeature              0x080081fd   Thumb Code   220  usb_core.o(.text)
    Standard_SetDeviceFeature                0x080082d9   Thumb Code    30  usb_core.o(.text)
    Standard_GetDescriptorData               0x080082f7   Thumb Code    32  usb_core.o(.text)
    Post0_Process                            0x08008837   Thumb Code    54  usb_core.o(.text)
    Setup0_Process                           0x0800886d   Thumb Code   170  usb_core.o(.text)
    SetDeviceAddress                         0x08008917   Thumb Code    70  usb_core.o(.text)
    In0_Process                              0x0800895d   Thumb Code    98  usb_core.o(.text)
    Out0_Process                             0x080089bf   Thumb Code    70  usb_core.o(.text)
    NOP_Process                              0x08008a05   Thumb Code     2  usb_core.o(.text)
    EP1_OUT_Callback                         0x08008a35   Thumb Code    84  usb_endp.o(.text)
    EP2_IN_Callback                          0x08008a89   Thumb Code    80  usb_endp.o(.text)
    USB_Init                                 0x08008af1   Thumb Code    36  usb_init.o(.text)
    CTR_LP                                   0x08008b2d   Thumb Code   616  usb_int.o(.text)
    CTR_HP                                   0x08008d95   Thumb Code   178  usb_int.o(.text)
    USB_Istr                                 0x08008e69   Thumb Code    96  usb_istr.o(.text)
    UserToPMABufferCopy                      0x08008edd   Thumb Code    52  usb_mem.o(.text)
    PMAToUserBufferCopy                      0x08008f11   Thumb Code    34  usb_mem.o(.text)
    CCID_READER_init                         0x08008f39   Thumb Code    26  usb_prop.o(.text)
    CCID_READER_Reset                        0x08008f53   Thumb Code   216  usb_prop.o(.text)
    CCID_READER_SetConfiguration             0x0800902b   Thumb Code    14  usb_prop.o(.text)
    CCID_READER_SetDeviceAddress             0x08009039   Thumb Code     8  usb_prop.o(.text)
    CCID_READER_Status_In                    0x08009041   Thumb Code     2  usb_prop.o(.text)
    CCID_READER_Status_Out                   0x08009043   Thumb Code     2  usb_prop.o(.text)
    CCID_READER_GetDataRates                 0x08009045   Thumb Code    30  usb_prop.o(.text)
    CCID_READER_GetClockFrequencies          0x08009063   Thumb Code    20  usb_prop.o(.text)
    CCID_READER_Data_Setup                   0x08009077   Thumb Code    66  usb_prop.o(.text)
    CCID_READER_NoData_Setup                 0x080090b9   Thumb Code    28  usb_prop.o(.text)
    CCID_READER_GetDeviceDescriptor          0x080090d5   Thumb Code    14  usb_prop.o(.text)
    CCID_READER_GetConfigDescriptor          0x080090e3   Thumb Code    14  usb_prop.o(.text)
    CCID_READER_GetStringDescriptor          0x080090f1   Thumb Code    32  usb_prop.o(.text)
    CCID_READER_Get_Interface_Setting        0x08009111   Thumb Code    22  usb_prop.o(.text)
    PowerOn                                  0x08009155   Thumb Code    54  usb_pwr.o(.text)
    PowerOff                                 0x0800918b   Thumb Code    28  usb_pwr.o(.text)
    Suspend                                  0x080091a7   Thumb Code    34  usb_pwr.o(.text)
    Resume_Init                              0x080091c9   Thumb Code    30  usb_pwr.o(.text)
    Resume                                   0x080091e7   Thumb Code   168  usb_pwr.o(.text)
    SetCNTR                                  0x0800929d   Thumb Code     6  usb_regs.o(.text)
    GetCNTR                                  0x080092a3   Thumb Code     8  usb_regs.o(.text)
    SetISTR                                  0x080092ab   Thumb Code     8  usb_regs.o(.text)
    GetISTR                                  0x080092b3   Thumb Code    10  usb_regs.o(.text)
    GetFNR                                   0x080092bd   Thumb Code    10  usb_regs.o(.text)
    SetDADDR                                 0x080092c7   Thumb Code     8  usb_regs.o(.text)
    GetDADDR                                 0x080092cf   Thumb Code    10  usb_regs.o(.text)
    SetBTABLE                                0x080092d9   Thumb Code    14  usb_regs.o(.text)
    GetBTABLE                                0x080092e7   Thumb Code    10  usb_regs.o(.text)
    SetENDPOINT                              0x080092f1   Thumb Code    12  usb_regs.o(.text)
    GetENDPOINT                              0x080092fd   Thumb Code    16  usb_regs.o(.text)
    SetEPType                                0x0800930d   Thumb Code    32  usb_regs.o(.text)
    GetEPType                                0x0800932d   Thumb Code    18  usb_regs.o(.text)
    SetEPTxStatus                            0x0800933f   Thumb Code    60  usb_regs.o(.text)
    SetEPRxStatus                            0x0800937b   Thumb Code    60  usb_regs.o(.text)
    SetDouBleBuffEPStall                     0x080093b7   Thumb Code    54  usb_regs.o(.text)
    GetEPTxStatus                            0x080093ed   Thumb Code    18  usb_regs.o(.text)
    GetEPRxStatus                            0x080093ff   Thumb Code    18  usb_regs.o(.text)
    SetEPTxValid                             0x08009411   Thumb Code    48  usb_regs.o(.text)
    SetEPRxValid                             0x08009441   Thumb Code    48  usb_regs.o(.text)
    SetEP_KIND                               0x08009471   Thumb Code    38  usb_regs.o(.text)
    ClearEP_KIND                             0x08009497   Thumb Code    34  usb_regs.o(.text)
    Clear_Status_Out                         0x080094b9   Thumb Code    34  usb_regs.o(.text)
    Set_Status_Out                           0x080094db   Thumb Code    38  usb_regs.o(.text)
    SetEPDoubleBuff                          0x08009501   Thumb Code    38  usb_regs.o(.text)
    ClearEPDoubleBuff                        0x08009527   Thumb Code    34  usb_regs.o(.text)
    GetTxStallStatus                         0x08009549   Thumb Code    28  usb_regs.o(.text)
    GetRxStallStatus                         0x08009565   Thumb Code    30  usb_regs.o(.text)
    ClearEP_CTR_RX                           0x08009583   Thumb Code    32  usb_regs.o(.text)
    ClearEP_CTR_TX                           0x080095a3   Thumb Code    28  usb_regs.o(.text)
    ToggleDTOG_RX                            0x080095bf   Thumb Code    34  usb_regs.o(.text)
    ToggleDTOG_TX                            0x080095e1   Thumb Code    34  usb_regs.o(.text)
    ClearDTOG_RX                             0x08009603   Thumb Code    48  usb_regs.o(.text)
    ClearDTOG_TX                             0x08009633   Thumb Code    48  usb_regs.o(.text)
    SetEPAddress                             0x08009663   Thumb Code    46  usb_regs.o(.text)
    GetEPAddress                             0x08009691   Thumb Code    18  usb_regs.o(.text)
    SetEPTxAddr                              0x080096a3   Thumb Code    24  usb_regs.o(.text)
    SetEPRxAddr                              0x080096bb   Thumb Code    26  usb_regs.o(.text)
    GetEPTxAddr                              0x080096d5   Thumb Code    22  usb_regs.o(.text)
    GetEPRxAddr                              0x080096eb   Thumb Code    24  usb_regs.o(.text)
    SetEPTxCount                             0x08009703   Thumb Code    20  usb_regs.o(.text)
    SetEPCountRxReg                          0x08009717   Thumb Code    48  usb_regs.o(.text)
    SetEPRxCount                             0x08009747   Thumb Code    68  usb_regs.o(.text)
    GetEPTxCount                             0x0800978b   Thumb Code    26  usb_regs.o(.text)
    GetEPRxCount                             0x080097a5   Thumb Code    26  usb_regs.o(.text)
    SetEPDblBuffAddr                         0x080097bf   Thumb Code    44  usb_regs.o(.text)
    SetEPDblBuf0Addr                         0x080097eb   Thumb Code    24  usb_regs.o(.text)
    SetEPDblBuf1Addr                         0x08009803   Thumb Code    26  usb_regs.o(.text)
    GetEPDblBuf0Addr                         0x0800981d   Thumb Code    22  usb_regs.o(.text)
    GetEPDblBuf1Addr                         0x08009833   Thumb Code    24  usb_regs.o(.text)
    SetEPDblBuffCount                        0x0800984b   Thumb Code   186  usb_regs.o(.text)
    SetEPDblBuf0Count                        0x08009905   Thumb Code    96  usb_regs.o(.text)
    SetEPDblBuf1Count                        0x08009965   Thumb Code    96  usb_regs.o(.text)
    GetEPDblBuf0Count                        0x080099c5   Thumb Code    26  usb_regs.o(.text)
    GetEPDblBuf1Count                        0x080099df   Thumb Code    26  usb_regs.o(.text)
    GetEPDblBufDir                           0x080099f9   Thumb Code    62  usb_regs.o(.text)
    FreeUserBuffer                           0x08009a37   Thumb Code    90  usb_regs.o(.text)
    ToWord                                   0x08009a91   Thumb Code     8  usb_regs.o(.text)
    ByteSwap                                 0x08009a99   Thumb Code    12  usb_regs.o(.text)
    USB_SIL_Init                             0x08009aa5   Thumb Code    28  usb_sil.o(.text)
    USB_SIL_Write                            0x08009ac1   Thumb Code    46  usb_sil.o(.text)
    USB_SIL_Read                             0x08009aef   Thumb Code    46  usb_sil.o(.text)
    __aeabi_memcpy                           0x08009b25   Thumb Code    36  memcpya.o(.text)
    __aeabi_memcpy4                          0x08009b25   Thumb Code     0  memcpya.o(.text)
    __aeabi_memcpy8                          0x08009b25   Thumb Code     0  memcpya.o(.text)
    __scatterload                            0x08009b49   Thumb Code    28  init.o(.text)
    __scatterload_rt2                        0x08009b49   Thumb Code     0  init.o(.text)
    __decompress                             0x08009b6d   Thumb Code     0  __dczerorl2.o(.text)
    __decompress1                            0x08009b6d   Thumb Code    86  __dczerorl2.o(.text)
    __scatterload_copy                       0x08009bc3   Thumb Code    14  handlers.o(i.__scatterload_copy)
    __scatterload_null                       0x08009bd1   Thumb Code     2  handlers.o(i.__scatterload_null)
    __scatterload_zeroinit                   0x08009bd3   Thumb Code    14  handlers.o(i.__scatterload_zeroinit)
    CCID_READER_CLOCK_FREQUENCIES            0x08009be0   Data           4  ccid.o(.constdata)
    CCID_READER_DATA_RATES                   0x08009be4   Data          16  ccid.o(.constdata)
    OSDebugEn                                0x08009bf4   Data           2  os_dbg.o(.constdata)
    OSEndiannessTest                         0x08009bf8   Data           4  os_dbg.o(.constdata)
    OSEventMax                               0x08009bfc   Data           2  os_dbg.o(.constdata)
    OSEventNameSize                          0x08009bfe   Data           2  os_dbg.o(.constdata)
    OSEventEn                                0x08009c00   Data           2  os_dbg.o(.constdata)
    OSEventSize                              0x08009c02   Data           2  os_dbg.o(.constdata)
    OSEventTblSize                           0x08009c04   Data           2  os_dbg.o(.constdata)
    OSFlagEn                                 0x08009c06   Data           2  os_dbg.o(.constdata)
    OSFlagGrpSize                            0x08009c08   Data           2  os_dbg.o(.constdata)
    OSFlagNodeSize                           0x08009c0a   Data           2  os_dbg.o(.constdata)
    OSFlagWidth                              0x08009c0c   Data           2  os_dbg.o(.constdata)
    OSFlagMax                                0x08009c0e   Data           2  os_dbg.o(.constdata)
    OSFlagNameSize                           0x08009c10   Data           2  os_dbg.o(.constdata)
    OSLowestPrio                             0x08009c12   Data           2  os_dbg.o(.constdata)
    OSMboxEn                                 0x08009c14   Data           2  os_dbg.o(.constdata)
    OSMemEn                                  0x08009c16   Data           2  os_dbg.o(.constdata)
    OSMemMax                                 0x08009c18   Data           2  os_dbg.o(.constdata)
    OSMemNameSize                            0x08009c1a   Data           2  os_dbg.o(.constdata)
    OSMemSize                                0x08009c1c   Data           2  os_dbg.o(.constdata)
    OSMemTblSize                             0x08009c1e   Data           2  os_dbg.o(.constdata)
    OSMutexEn                                0x08009c20   Data           2  os_dbg.o(.constdata)
    OSPtrSize                                0x08009c22   Data           2  os_dbg.o(.constdata)
    OSQEn                                    0x08009c24   Data           2  os_dbg.o(.constdata)
    OSQMax                                   0x08009c26   Data           2  os_dbg.o(.constdata)
    OSQSize                                  0x08009c28   Data           2  os_dbg.o(.constdata)
    OSRdyTblSize                             0x08009c2a   Data           2  os_dbg.o(.constdata)
    OSSemEn                                  0x08009c2c   Data           2  os_dbg.o(.constdata)
    OSStkWidth                               0x08009c2e   Data           2  os_dbg.o(.constdata)
    OSTaskCreateEn                           0x08009c30   Data           2  os_dbg.o(.constdata)
    OSTaskCreateExtEn                        0x08009c32   Data           2  os_dbg.o(.constdata)
    OSTaskDelEn                              0x08009c34   Data           2  os_dbg.o(.constdata)
    OSTaskIdleStkSize                        0x08009c36   Data           2  os_dbg.o(.constdata)
    OSTaskProfileEn                          0x08009c38   Data           2  os_dbg.o(.constdata)
    OSTaskMax                                0x08009c3a   Data           2  os_dbg.o(.constdata)
    OSTaskNameSize                           0x08009c3c   Data           2  os_dbg.o(.constdata)
    OSTaskStatEn                             0x08009c3e   Data           2  os_dbg.o(.constdata)
    OSTaskStatStkSize                        0x08009c40   Data           2  os_dbg.o(.constdata)
    OSTaskStatStkChkEn                       0x08009c42   Data           2  os_dbg.o(.constdata)
    OSTaskSwHookEn                           0x08009c44   Data           2  os_dbg.o(.constdata)
    OSTCBPrioTblMax                          0x08009c46   Data           2  os_dbg.o(.constdata)
    OSTCBSize                                0x08009c48   Data           2  os_dbg.o(.constdata)
    OSTicksPerSec                            0x08009c4a   Data           2  os_dbg.o(.constdata)
    OSTimeTickHookEn                         0x08009c4c   Data           2  os_dbg.o(.constdata)
    OSVersionNbr                             0x08009c4e   Data           2  os_dbg.o(.constdata)
    OSDataSize                               0x08009c50   Data           2  os_dbg.o(.constdata)
    OSUnMapTbl                               0x08009c52   Data         256  os_core.o(.constdata)
    RF_CMD_ANTICOL                           0x08009d52   Data           3  fm320.o(.constdata)
    RF_CMD_SELECT                            0x08009d55   Data           3  fm320.o(.constdata)
    CCID_READER_DeviceDescriptor             0x08009d58   Data          18  usb_desc.o(.constdata)
    CCID_READER_ConfigDescriptor             0x08009d6a   Data          93  usb_desc.o(.constdata)
    CCID_READER_StringLangID                 0x08009dc7   Data           4  usb_desc.o(.constdata)
    CCID_READER_StringVendor                 0x08009dcb   Data          10  usb_desc.o(.constdata)
    CCID_READER_StringProduct                0x08009dd5   Data          40  usb_desc.o(.constdata)
    Region$$Table$$Base                      0x08009e00   Number         0  anon$$obj.o(Region$$Table)
    Region$$Table$$Limit                     0x08009e20   Number         0  anon$$obj.o(Region$$Table)
    err                                      0x20000000   Data           1  app.o(.data)
    LedCount                                 0x20000001   Data           1  app.o(.data)
    bUsbStatus                               0x20000002   Data           1  app.o(.data)
    bTimeOut                                 0x20000003   Data           1  app.o(.data)
    bIsCTon                                  0x20000004   Data           1  app.o(.data)
    usb_Sem                                  0x20000008   Data           4  app.o(.data)
    bReaderStatus                            0x2000000c   Data           1  ccid.o(.data)
    bCardSlotStatus                          0x2000000d   Data           1  ccid.o(.data)
    iBufferRecvLen                           0x2000000e   Data           2  ccid.o(.data)
    iBufferRecvCnt                           0x20000010   Data           2  ccid.o(.data)
    iBufferSendLen                           0x20000012   Data           2  ccid.o(.data)
    iBufferSendCnt                           0x20000014   Data           2  ccid.o(.data)
    iAPDUBufferSendLen                       0x20000016   Data           2  ccid.o(.data)
    iAPDUBufferRecvLen                       0x20000018   Data           2  ccid.o(.data)
    bMessageType                             0x2000001a   Data           1  ccid.o(.data)
    dwLength                                 0x2000001c   Data           4  ccid.o(.data)
    bSlot                                    0x20000020   Data           1  ccid.o(.data)
    bSeq                                     0x20000021   Data           1  ccid.o(.data)
    bPrevSeq                                 0x20000022   Data           1  ccid.o(.data)
    bPowerSelect                             0x20000023   Data           1  ccid.o(.data)
    bProtocolNum                             0x20000024   Data           1  ccid.o(.data)
    bmFindexDindex                           0x20000025   Data           1  ccid.o(.data)
    bmTCCKST0                                0x20000026   Data           1  ccid.o(.data)
    bGuardTimeT0                             0x20000027   Data           1  ccid.o(.data)
    bWaitingIntegerT0                        0x20000028   Data           1  ccid.o(.data)
    bClockStop                               0x20000029   Data           1  ccid.o(.data)
    bmTCCKST1                                0x2000002a   Data           1  ccid.o(.data)
    bGuardTimeT1                             0x2000002b   Data           1  ccid.o(.data)
    bWaitingIntegerT1                        0x2000002c   Data           1  ccid.o(.data)
    bIFSC                                    0x2000002d   Data           1  ccid.o(.data)
    bNadValue                                0x2000002e   Data           1  ccid.o(.data)
    bBWI                                     0x2000002f   Data           1  ccid.o(.data)
    wLevelParameter                          0x20000030   Data           2  ccid.o(.data)
    bStatus                                  0x20000032   Data           1  ccid.o(.data)
    bError                                   0x20000033   Data           1  ccid.o(.data)
    stuInRegs                                0x20000034   Data           1  specialapdu.o(.data)
    InitCmd04Flag                            0x20000035   Data           1  specialapdu.o(.data)
    InitCmd00Flag                            0x20000036   Data           1  specialapdu.o(.data)
    InitCmdFlag                              0x20000037   Data           1  specialapdu.o(.data)
    SystemCoreClock                          0x2000004c   Data           4  system_stm32f10x.o(.data)
    AHBPrescTable                            0x20000050   Data          16  system_stm32f10x.o(.data)
    OSCtxSwCtr                               0x20000060   Data           4  os_core.o(.data)
    OSEventFreeList                          0x20000064   Data           4  os_core.o(.data)
    OSFlagFreeList                           0x20000068   Data           4  os_core.o(.data)
    OSCPUUsage                               0x2000006c   Data           1  os_core.o(.data)
    OSIdleCtrMax                             0x20000070   Data           4  os_core.o(.data)
    OSIdleCtrRun                             0x20000074   Data           4  os_core.o(.data)
    OSStatRdy                                0x20000078   Data           1  os_core.o(.data)
    OSIntNesting                             0x20000079   Data           1  os_core.o(.data)
    OSLockNesting                            0x2000007a   Data           1  os_core.o(.data)
    OSPrioCur                                0x2000007b   Data           1  os_core.o(.data)
    OSPrioHighRdy                            0x2000007c   Data           1  os_core.o(.data)
    OSRdyGrp                                 0x2000007d   Data           1  os_core.o(.data)
    OSRdyTbl                                 0x2000007e   Data           4  os_core.o(.data)
    OSRunning                                0x20000082   Data           1  os_core.o(.data)
    OSTaskCtr                                0x20000083   Data           1  os_core.o(.data)
    OSIdleCtr                                0x20000084   Data           4  os_core.o(.data)
    OSTCBCur                                 0x20000088   Data           4  os_core.o(.data)
    OSTCBFreeList                            0x2000008c   Data           4  os_core.o(.data)
    OSTCBHighRdy                             0x20000090   Data           4  os_core.o(.data)
    OSTCBList                                0x20000094   Data           4  os_core.o(.data)
    OSTickStepState                          0x20000098   Data           1  os_core.o(.data)
    OSTime                                   0x2000009c   Data           4  os_core.o(.data)
    HSEStartUpStatus                         0x200000a0   Data           1  bsp.o(.data)
    Fi                                       0x200000a4   Data          64  smartcard.o(.data)
    Di                                       0x200000e4   Data          16  smartcard.o(.data)
    stuTCLParam                              0x200000f5   Data           5  contactlesscard.o(.data)
    StatusInfo                               0x200000fa   Data           2  usb_core.o(.data)
    Data_Mul_MaxPacketSize                   0x200000fc   Data           1  usb_core.o(.data)
    EPindex                                  0x20000100   Data           1  usb_init.o(.data)
    pInformation                             0x20000104   Data           4  usb_init.o(.data)
    pProperty                                0x20000108   Data           4  usb_init.o(.data)
    SaveState                                0x2000010c   Data           2  usb_init.o(.data)
    wInterrupt_Mask                          0x2000010e   Data           2  usb_init.o(.data)
    pUser_Standard_Requests                  0x20000110   Data           4  usb_init.o(.data)
    SaveRState                               0x20000114   Data           2  usb_int.o(.data)
    SaveTState                               0x20000116   Data           2  usb_int.o(.data)
    wIstr                                    0x20000118   Data           2  usb_istr.o(.data)
    bIntPackSOF                              0x2000011a   Data           1  usb_istr.o(.data)
    pEpInt_IN                                0x2000011c   Data          28  usb_istr.o(.data)
    pEpInt_OUT                               0x20000138   Data          28  usb_istr.o(.data)
    Device_Table                             0x20000154   Data           2  usb_prop.o(.data)
    Device_Property                          0x20000158   Data          48  usb_prop.o(.data)
    User_Standard_Requests                   0x20000188   Data          36  usb_prop.o(.data)
    Device_Descriptor                        0x200001ac   Data           8  usb_prop.o(.data)
    Config_Descriptor                        0x200001b4   Data           8  usb_prop.o(.data)
    String_Descriptor                        0x200001bc   Data          24  usb_prop.o(.data)
    bDeviceState                             0x200001d4   Data           4  usb_pwr.o(.data)
    fSuspendEnabled                          0x200001d8   Data           1  usb_pwr.o(.data)
    ResumeS                                  0x200001d9   Data           2  usb_pwr.o(.data)
    abBuffer                                 0x200009dc   Data         271  ccid.o(.bss)
    abAPDUBuffer                             0x20000aeb   Data         280  ccid.o(.bss)
    OSEventTbl                               0x20000c04   Data         320  os_core.o(.bss)
    OSFlagTbl                                0x20000d44   Data         140  os_core.o(.bss)
    OSTaskStatStk                            0x20000dd0   Data         512  os_core.o(.bss)
    OSTaskIdleStk                            0x20000fd0   Data         512  os_core.o(.bss)
    OSTCBPrioTbl                             0x200011d0   Data         128  os_core.o(.bss)
    OSTCBTbl                                 0x20001250   Data        2024  os_core.o(.bss)
    SC_A2R                                   0x20001a38   Data          44  smartcard.o(.bss)
    SC_ATR_Table                             0x20001a64   Data          40  smartcard.o(.bss)
    apdu_commands                            0x20001a8c   Data         288  smartcard.o(.bss)
    apdu_responce                            0x20001bac   Data         282  smartcard.o(.bss)
    sc_tim                                   0x20001cc8   Data          20  smartcard.o(.bss)
    CardA_Sel_Res                            0x20001cdc   Data          48  fm320.o(.bss)
    RF_Data_Buf                              0x20001d0c   Data         255  fm320.o(.bss)
    Device_Info                              0x20001e0c   Data          28  usb_init.o(.bss)
    __initial_sp                             0x20002228   Data           0  startup_stm32f10x_md.o(STACK)



==============================================================================

Memory Map of the image

  Image Entry point : 0x080000ed

  Load Region LR_IROM1 (Base: 0x08000000, Size: 0x00009ffc, Max: 0x00020000, ABSOLUTE, COMPRESSED[0x00009ed0])

    Execution Region ER_IROM1 (Base: 0x08000000, Size: 0x00009e20, Max: 0x00020000, ABSOLUTE)

    Base Addr    Size         Type   Attr      Idx    E Section Name        Object

    0x08000000   0x000000ec   Data   RO          549    RESET               startup_stm32f10x_md.o
    0x080000ec   0x00000000   Code   RO         1015  * .ARM.Collect$$$$00000000  mc_w.l(entry.o)
    0x080000ec   0x00000004   Code   RO         1022    .ARM.Collect$$$$00000001  mc_w.l(entry2.o)
    0x080000f0   0x00000004   Code   RO         1025    .ARM.Collect$$$$00000004  mc_w.l(entry5.o)
    0x080000f4   0x00000000   Code   RO         1027    .ARM.Collect$$$$00000008  mc_w.l(entry7b.o)
    0x080000f4   0x00000000   Code   RO         1029    .ARM.Collect$$$$0000000A  mc_w.l(entry8b.o)
    0x080000f4   0x00000008   Code   RO         1030    .ARM.Collect$$$$0000000B  mc_w.l(entry9a.o)
    0x080000fc   0x00000000   Code   RO         1032    .ARM.Collect$$$$0000000D  mc_w.l(entry10a.o)
    0x080000fc   0x00000000   Code   RO         1034    .ARM.Collect$$$$0000000F  mc_w.l(entry11a.o)
    0x080000fc   0x00000004   Code   RO         1023    .ARM.Collect$$$$00002712  mc_w.l(entry2.o)
    0x08000100   0x000002b4   Code   RO            1    .text               app.o
    0x080003b4   0x00000368   Code   RO          215    .text               ccid.o
    0x0800071c   0x00000a7c   Code   RO          246    .text               specialapdu.o
    0x08001198   0x00000068   Code   RO          266    .text               stm32f10x_it.o
    0x08001200   0x000000dc   Code   RO          281    .text               misc.o
    0x080012dc   0x000005d4   Code   RO          389    .text               stm32f10x_flash.o
    0x080018b0   0x0000035c   Code   RO          413    .text               stm32f10x_gpio.o
    0x08001c0c   0x000003a4   Code   RO          461    .text               stm32f10x_rcc.o
    0x08001fb0   0x0000030c   Code   RO          499    .text               stm32f10x_spi.o
    0x080022bc   0x00000d1a   Code   RO          511    .text               stm32f10x_tim.o
    0x08002fd6   0x00000002   PAD
    0x08002fd8   0x00000416   Code   RO          523    .text               stm32f10x_usart.o
    0x080033ee   0x00000002   PAD
    0x080033f0   0x00000024   Code   RO          550    .text               startup_stm32f10x_md.o
    0x08003414   0x000001d4   Code   RO          555    .text               system_stm32f10x.o
    0x080035e8   0x000000a4   Code   RO          573    .text               os_cpu_a.o
    0x0800368c   0x000000e2   Code   RO          576    .text               os_cpu_c.o
    0x0800376e   0x00000002   PAD
    0x08003770   0x00000114   Code   RO          595    .text               os_dbg.o
    0x08003884   0x00000ca8   Code   RO          610    .text               os_core.o
    0x0800452c   0x00000838   Code   RO          630    .text               os_flag.o
    0x08004d64   0x000003c0   Code   RO          672    .text               os_sem.o
    0x08005124   0x000007cc   Code   RO          684    .text               os_task.o
    0x080058f0   0x000001c0   Code   RO          696    .text               os_time.o
    0x08005ab0   0x000003cc   Code   RO          714    .text               bsp.o
    0x08005e7c   0x000009ac   Code   RO          759    .text               smartcard.o
    0x08006828   0x00000150   Code   RO          778    .text               contactcard.o
    0x08006978   0x00000324   Code   RO          790    .text               contactlesscard.o
    0x08006c9c   0x0000123c   Code   RO          809    .text               fm320.o
    0x08007ed8   0x00000b5c   Code   RO          828    .text               usb_core.o
    0x08008a34   0x000000bc   Code   RO          855    .text               usb_endp.o
    0x08008af0   0x0000003c   Code   RO          872    .text               usb_init.o
    0x08008b2c   0x0000033c   Code   RO          895    .text               usb_int.o
    0x08008e68   0x00000074   Code   RO          919    .text               usb_istr.o
    0x08008edc   0x0000005c   Code   RO          937    .text               usb_mem.o
    0x08008f38   0x0000021c   Code   RO          949    .text               usb_prop.o
    0x08009154   0x00000148   Code   RO          973    .text               usb_pwr.o
    0x0800929c   0x00000808   Code   RO          991    .text               usb_regs.o
    0x08009aa4   0x00000080   Code   RO         1003    .text               usb_sil.o
    0x08009b24   0x00000024   Code   RO         1018    .text               mc_w.l(memcpya.o)
    0x08009b48   0x00000024   Code   RO         1036    .text               mc_w.l(init.o)
    0x08009b6c   0x00000056   Code   RO         1046    .text               mc_w.l(__dczerorl2.o)
    0x08009bc2   0x0000000e   Code   RO         1040    i.__scatterload_copy  mc_w.l(handlers.o)
    0x08009bd0   0x00000002   Code   RO         1041    i.__scatterload_null  mc_w.l(handlers.o)
    0x08009bd2   0x0000000e   Code   RO         1042    i.__scatterload_zeroinit  mc_w.l(handlers.o)
    0x08009be0   0x00000014   Data   RO          217    .constdata          ccid.o
    0x08009bf4   0x0000005e   Data   RO          596    .constdata          os_dbg.o
    0x08009c52   0x00000100   Data   RO          612    .constdata          os_core.o
    0x08009d52   0x00000006   Data   RO          811    .constdata          fm320.o
    0x08009d58   0x000000a5   Data   RO          843    .constdata          usb_desc.o
    0x08009dfd   0x00000003   PAD
    0x08009e00   0x00000020   Data   RO         1038    Region$$Table       anon$$obj.o


    Execution Region RW_IRAM1 (Base: 0x20000000, Size: 0x00002228, Max: 0x00005000, ABSOLUTE, COMPRESSED[0x000000b0])

    Base Addr    Size         Type   Attr      Idx    E Section Name        Object

    0x20000000   0x0000000c   Data   RW            3    .data               app.o
    0x2000000c   0x00000028   Data   RW          218    .data               ccid.o
    0x20000034   0x00000004   Data   RW          247    .data               specialapdu.o
    0x20000038   0x00000014   Data   RW          462    .data               stm32f10x_rcc.o
    0x2000004c   0x00000014   Data   RW          556    .data               system_stm32f10x.o
    0x20000060   0x00000040   Data   RW          613    .data               os_core.o
    0x200000a0   0x00000001   Data   RW          715    .data               bsp.o
    0x200000a1   0x00000003   PAD
    0x200000a4   0x00000051   Data   RW          761    .data               smartcard.o
    0x200000f5   0x00000005   Data   RW          792    .data               contactlesscard.o
    0x200000fa   0x00000003   Data   RW          829    .data               usb_core.o
    0x200000fd   0x00000003   PAD
    0x20000100   0x00000014   Data   RW          874    .data               usb_init.o
    0x20000114   0x00000004   Data   RW          896    .data               usb_int.o
    0x20000118   0x0000003c   Data   RW          920    .data               usb_istr.o
    0x20000154   0x00000080   Data   RW          950    .data               usb_prop.o
    0x200001d4   0x00000007   Data   RW          974    .data               usb_pwr.o
    0x200001db   0x00000001   PAD
    0x200001dc   0x00000800   Zero   RW            2    .bss                app.o
    0x200009dc   0x00000227   Zero   RW          216    .bss                ccid.o
    0x20000c03   0x00000001   PAD
    0x20000c04   0x00000e34   Zero   RW          611    .bss                os_core.o
    0x20001a38   0x000002a4   Zero   RW          760    .bss                smartcard.o
    0x20001cdc   0x0000012f   Zero   RW          810    .bss                fm320.o
    0x20001e0b   0x00000001   PAD
    0x20001e0c   0x0000001c   Zero   RW          873    .bss                usb_init.o
    0x20001e28   0x00000400   Zero   RW          547    STACK               startup_stm32f10x_md.o


==============================================================================

Image component sizes


      Code (inc. data)   RO Data    RW Data    ZI Data      Debug   Object Name

       692         90          0         12       2048     295230   app.o
       972         40          0          1          0      18958   bsp.o
       872        126         20         40        551       4259   ccid.o
       336          8          0          0          0       1507   contactcard.o
       804         12          0          5          0       3979   contactlesscard.o
      4668         26          6          0        303      21170   fm320.o
       220         22          0          0          0       1889   misc.o
      3240        260        256         64       3636      19022   os_core.o
       164         32          0          0          0        344   os_cpu_a.o
       226          0          0          0          0      12074   os_cpu_c.o
       276        182         94          0          0       2953   os_dbg.o
      2104         38          0          0          0       6868   os_flag.o
       960         18          0          0          0       3930   os_sem.o
      1996         66          0          0          0       6877   os_task.o
       448         26          0          0          0       1838   os_time.o
      2476         96          0         81        676       8491   smartcard.o
      2684         44          0          4          0       6573   specialapdu.o
        36          8        236          0       1024        836   startup_stm32f10x_md.o
      1492         34          0          0          0       8162   stm32f10x_flash.o
       860         38          0          0          0       5733   stm32f10x_gpio.o
       104          4          0          0          0       2943   stm32f10x_it.o
       932         36          0         20          0       8920   stm32f10x_rcc.o
       780         14          0          0          0       6614   stm32f10x_spi.o
      3354         74          0          0          0      22012   stm32f10x_tim.o
      1046         22          0          0          0       8476   stm32f10x_usart.o
       468         34          0         20          0       1799   system_stm32f10x.o
      2908        114          0          3          0       8147   usb_core.o
         0          0        165          0          0       1008   usb_desc.o
       188         24          0          0          0        799   usb_endp.o
        60         24          0         20         28       4202   usb_init.o
       828         34          0          4          0       1991   usb_int.o
       116         20          0         60          0       1376   usb_istr.o
        92          6          0          0          0       1454   usb_mem.o
       540         46          0        128          0       7144   usb_prop.o
       328         22          0          7          0       2661   usb_pwr.o
      2056         20          0          0          0      11773   usb_regs.o
       128          8          0          0          0       1482   usb_sil.o

    ----------------------------------------------------------------------
     39460       1668        812        476       8268     523494   Object Totals
         0          0         32          0          0          0   (incl. Generated)
         6          0          3          7          2          0   (incl. Padding)

    ----------------------------------------------------------------------

      Code (inc. data)   RO Data    RW Data    ZI Data      Debug   Library Member Name

        86          0          0          0          0          0   __dczerorl2.o
         0          0          0          0          0          0   entry.o
         0          0          0          0          0          0   entry10a.o
         0          0          0          0          0          0   entry11a.o
         8          4          0          0          0          0   entry2.o
         4          0          0          0          0          0   entry5.o
         0          0          0          0          0          0   entry7b.o
         0          0          0          0          0          0   entry8b.o
         8          4          0          0          0          0   entry9a.o
        30          0          0          0          0          0   handlers.o
        36          8          0          0          0         68   init.o
        36          0          0          0          0         68   memcpya.o

    ----------------------------------------------------------------------
       208         16          0          0          0        136   Library Totals
         0          0          0          0          0          0   (incl. Padding)

    ----------------------------------------------------------------------

      Code (inc. data)   RO Data    RW Data    ZI Data      Debug   Library Name

       208         16          0          0          0        136   mc_w.l

    ----------------------------------------------------------------------
       208         16          0          0          0        136   Library Totals

    ----------------------------------------------------------------------

==============================================================================


      Code (inc. data)   RO Data    RW Data    ZI Data      Debug   

     39668       1684        812        476       8268     520222   Grand Totals
     39668       1684        812        176       8268     520222   ELF Image Totals (compressed)
     39668       1684        812        176          0          0   ROM Totals

==============================================================================

    Total RO  Size (Code + RO Data)                40480 (  39.53kB)
    Total RW  Size (RW Data + ZI Data)              8744 (   8.54kB)
    Total ROM Size (Code + RO Data + RW Data)      40656 (  39.70kB)

==============================================================================

