<html>
<body>
<pre>
<h1>µVision Build Log</h1>
<h2>Tool Versions:</h2>
IDE-Version: ¦ÌVision V5.15
Copyright (C) 2015 ARM Ltd and ARM Germany GmbH. All rights reserved.
License Information: afafa af, aga, LIC=PE7DY-ILL9H-II25V-PZW0E-NG093-W17MU
 
Tool Versions:
Toolchain:       MDK-ARM Standard  Version: 5.15.0
Toolchain Path:  C:\Keil_v5\ARM\ARMCC\Bin
C Compiler:      Armcc.exe V5.05 update 2 (build 169)
Assembler:       Armasm.exe V5.05 update 2 (build 169)
Linker/Locator:  ArmLink.exe V5.05 update 2 (build 169)
Library Manager: ArmAr.exe V5.05 update 2 (build 169)
Hex Converter:   FromElf.exe V5.05 update 2 (build 169)
CPU DLL:         SARMCM3.DLL V5.15.0
Dialog DLL:      DARMSTM.DLL V1.65.0.0
Target DLL:      UL2CM3.DLL V1.155.8.0
Dialog DLL:      TARMSTM.DLL V1.64.0.0
 
<h2>Project:</h2>
C:\Users\S\Documents\GitHub\FMReaderV20\Code\FMReaderCode\project\CCID Reader uCos-II.uvprojx
Project File Date:  08/19/2017

<h2>Output:</h2>
*** Using Compiler 'V5.05 update 2 (build 169)', folder: 'C:\Keil_v5\ARM\ARMCC\Bin'
Build target 'CCID Reader uCos-II'
compiling SpecialAPDU.C...
..\Code\ContactCard\smartcard.h(193): warning:  #1295-D: Deprecated declaration SC_ETUConfig - give arg types
  void SC_ETUConfig();
..\Code\APP\src\SpecialAPDU.C(41): warning:  #177-D: variable "bINS" was declared but never referenced
        uint8_t   bINS = *(APDUBuffer+INDEX_INS);
..\Code\APP\src\SpecialAPDU.C(439): warning:  #223-D: function "SC_ColdReset" declared implicitly
                                ret=SC_ColdReset(APDUBuffer,&recevLen);
..\Code\APP\src\SpecialAPDU.C(454): warning:  #223-D: function "SC_WarmReset" declared implicitly
                                ret=SC_WarmReset(APDUBuffer,&recevLen);
..\Code\APP\src\SpecialAPDU.C(422): warning:  #177-D: variable "b" was declared but never referenced
        uint8_t b,ret;
..\Code\APP\src\SpecialAPDU.C(424): warning:  #177-D: variable "bINS" was declared but never referenced
        uint8_t   bINS = *(APDUBuffer+INDEX_INS);
..\Code\APP\src\SpecialAPDU.C(428): warning:  #177-D: variable "pData" was declared but never referenced
    uint8_t   *pData = (APDUBuffer+INDEX_DATA);
..\Code\APP\src\SpecialAPDU.C(477): warning:  #177-D: variable "bINS" was declared but never referenced
        uint8_t   bINS = *(APDUBuffer+INDEX_INS);
..\Code\APP\src\SpecialAPDU.C(482): warning:  #177-D: variable "iParam" was declared but never referenced
        uint32_t iParam=(bP1<<16)|(bP2<<8)|(bP3<<0);
..\Code\APP\src\SpecialAPDU.C: 9 warnings, 0 errors
linking...
Program Size: Code=39500 RO-data=812 RW-data=476 ZI-data=8268  
FromELF: creating hex file...
".\output\CCID Reader uCos-II.axf" - 0 Error(s), 9 Warning(s).

<h2>Collection of Component include folders:</h2>
  C:\Users\S\Documents\GitHub\FMReaderV20\Code\FMReaderCode\project\RTE
  C:\Keil_v5\ARM\PACK\Keil\STM32F1xx_DFP\1.1.0\Device\Include

<h2>Collection of Component Files used:</h2>
</pre>
</body>
</html>
