<html>
<body>
<pre>
<h1>µVision Build Log</h1>
<h2>Tool Versions:</h2>
IDE-Version: ¦ÌVision V5.15
Copyright (C) 2015 ARM Ltd and ARM Germany GmbH. All rights reserved.
License Information: asd af, gh, LIC=YA301-CMR24-8F4IE-5T3L8-1UVXD-7F4KD
 
Tool Versions:
Toolchain:       MDK-ARM Standard  Version: 5.15.0
Toolchain Path:  C:\Keil_v5\ARM\ARMCC\Bin
C Compiler:      Armcc.exe V5.05 update 2 (build 169)
Assembler:       Armasm.exe V5.05 update 2 (build 169)
Linker/Locator:  ArmLink.exe V5.05 update 2 (build 169)
Library Manager: ArmAr.exe V5.05 update 2 (build 169)
Hex Converter:   FromElf.exe V5.05 update 2 (build 169)
CPU DLL:         SARMCM3.DLL V5.15.0
Dialog DLL:      DARMSTM.DLL V1.65.0.0
Target DLL:      UL2CM3.DLL V1.155.8.0
Dialog DLL:      TARMSTM.DLL V1.64.0.0
 
<h2>Project:</h2>
C:\Users\a\Documents\GitHub\FMReaderV20\Code\FMReaderCode\project\CCID Reader uCos-II.uvprojx
Project File Date:  08/21/2017

<h2>Output:</h2>
*** Using Compiler 'V5.05 update 2 (build 169)', folder: 'C:\Keil_v5\ARM\ARMCC\Bin'
Build target 'CCID Reader uCos-II'
compiling app.c...
..\Code\ContactCard\smartcard.h(193): warning:  #1295-D: Deprecated declaration SC_ETUConfig - give arg types
  void SC_ETUConfig();
..\Code\APP\src\app.c: 1 warning, 0 errors
compiling CCID.c...
..\Code\ContactCard\smartcard.h(193): warning:  #1295-D: Deprecated declaration SC_ETUConfig - give arg types
  void SC_ETUConfig();
..\Code\APP\src\CCID.c: 1 warning, 0 errors
compiling SpecialAPDU.C...
..\Code\ContactCard\smartcard.h(193): warning:  #1295-D: Deprecated declaration SC_ETUConfig - give arg types
  void SC_ETUConfig();
..\Code\APP\src\SpecialAPDU.C(41): warning:  #177-D: variable "bINS" was declared but never referenced
        uint8_t   bINS = *(APDUBuffer+INDEX_INS);
..\Code\APP\src\SpecialAPDU.C(422): warning:  #177-D: variable "b" was declared but never referenced
        uint8_t b,ret;
..\Code\APP\src\SpecialAPDU.C(424): warning:  #177-D: variable "bINS" was declared but never referenced
        uint8_t   bINS = *(APDUBuffer+INDEX_INS);
..\Code\APP\src\SpecialAPDU.C(493): warning:  #177-D: variable "bINS" was declared but never referenced
        uint8_t   bINS = *(APDUBuffer+INDEX_INS);
..\Code\APP\src\SpecialAPDU.C(501): warning:  #177-D: variable "CMD3" was declared but never referenced
        uint8_t         CMD3=pData[3];
..\Code\APP\src\SpecialAPDU.C(504): warning:  #177-D: variable "iParam" was declared but never referenced
        uint32_t iParam=(bP1<<16)|(bP2<<8)|(bP3<<0);
..\Code\APP\src\SpecialAPDU.C: 7 warnings, 0 errors
compiling stm32f10x_it.c...
..\Code\ContactCard\smartcard.h(193): warning:  #1295-D: Deprecated declaration SC_ETUConfig - give arg types
  void SC_ETUConfig();
..\Code\APP\src\stm32f10x_it.c: 1 warning, 0 errors
compiling bsp.c...
..\Code\ContactCard\smartcard.h(193): warning:  #1295-D: Deprecated declaration SC_ETUConfig - give arg types
  void SC_ETUConfig();
..\Code\BSP\bsp.c: 1 warning, 0 errors
compiling smartcard.c...
..\Code\ContactCard\smartcard.h(193): warning:  #1295-D: Deprecated declaration SC_ETUConfig - give arg types
  void SC_ETUConfig();
..\Code\ContactCard\smartcard.c(228): warning:  #177-D: variable "TIM_TimeBaseStructure" was declared but never referenced
                TIM_TimeBaseInitTypeDef TIM_TimeBaseStructure;
..\Code\ContactCard\smartcard.c(342): warning:  #177-D: variable "USART_InitStructure" was declared but never referenced
    USART_InitTypeDef USART_InitStructure;
..\Code\ContactCard\smartcard.c(388): warning:  #177-D: variable "USART_InitStructure" was declared but never referenced
    USART_InitTypeDef USART_InitStructure;
..\Code\ContactCard\smartcard.c: 4 warnings, 0 errors
compiling ContactCard.C...
..\Code\ContactCard\smartcard.h(193): warning:  #1295-D: Deprecated declaration SC_ETUConfig - give arg types
  void SC_ETUConfig();
..\Code\ContactCard\ContactCard.C: 1 warning, 0 errors
compiling ContactlessCard.C...
..\Code\ContactCard\smartcard.h(193): warning:  #1295-D: Deprecated declaration SC_ETUConfig - give arg types
  void SC_ETUConfig();
..\Code\ContactlessCard\ContactlessCard.C: 1 warning, 0 errors
compiling FM320.c...
..\Code\ContactCard\smartcard.h(193): warning:  #1295-D: Deprecated declaration SC_ETUConfig - give arg types
  void SC_ETUConfig();
..\Code\ContactlessCard\FM320.c(108): warning:  #188-D: enumerated type mixed with another type
                return 
alse;
..\Code\ContactlessCard\FM320.c(119): warning:  #188-D: enumerated type mixed with another type
                        return 
rue;
..\Code\ContactlessCard\FM320.c(125): warning:  #188-D: enumerated type mixed with another type
        return 
alse;
..\Code\ContactlessCard\FM320.c(160): warning:  #188-D: enumerated type mixed with another type
                return 
alse;
..\Code\ContactlessCard\FM320.c(177): warning:  #188-D: enumerated type mixed with another type
                return 
alse;
..\Code\ContactlessCard\FM320.c(181): warning:  #188-D: enumerated type mixed with another type
        return 
rue;
..\Code\ContactlessCard\FM320.c(138): warning:  #550-D: variable "idat" was set but never used
        u8 idat = 0;
..\Code\ContactlessCard\FM320.c(209): warning:  #188-D: enumerated type mixed with another type
                return res;
..\Code\ContactlessCard\FM320.c(212): warning:  #188-D: enumerated type mixed with another type
        return res;
..\Code\ContactlessCard\FM320.c(351): warning:  #177-D: variable "i" was declared but never referenced
        u8 fifo[16],i;
..\Code\ContactlessCard\FM320.c(382): warning:  #177-D: variable "i" was declared but never referenced
        u8 fifo[16],i;
..\Code\ContactlessCard\FM320.c(414): warning:  #177-D: variable "i" was declared but never referenced
        u8 fifo[16],i;
..\Code\ContactlessCard\FM320.c(445): warning:  #177-D: variable "i" was declared but never referenced
        u8 fifo[16],i;
..\Code\ContactlessCard\FM320.c(476): warning:  #177-D: variable "i" was declared but never referenced
        u8 fifo[16],i;
..\Code\ContactlessCard\FM320.c(499): warning:  #177-D: variable "i" was declared but never referenced
        u8 fifo[16],i;
..\Code\ContactlessCard\FM320.c(1133): warning:  #188-D: enumerated type mixed with another type
                return 
alse;
..\Code\ContactlessCard\FM320.c(1138): warning:  #188-D: enumerated type mixed with another type
                        return res;
..\Code\ContactlessCard\FM320.c(1140): warning:  #188-D: enumerated type mixed with another type
        return 
rue;    
..\Code\ContactlessCard\FM320.c: 19 warnings, 0 errors
compiling usb_endp.c...
..\Code\ContactCard\smartcard.h(193): warning:  #1295-D: Deprecated declaration SC_ETUConfig - give arg types
  void SC_ETUConfig();
..\Code\STM32_USB-FS-Device_Driver\src\usb_endp.c: 1 warning, 0 errors
compiling usb_prop.c...
..\Code\ContactCard\smartcard.h(193): warning:  #1295-D: Deprecated declaration SC_ETUConfig - give arg types
  void SC_ETUConfig();
..\Code\STM32_USB-FS-Device_Driver\src\usb_prop.c: 1 warning, 0 errors
compiling usb_pwr.c...
..\Code\ContactCard\smartcard.h(193): warning:  #1295-D: Deprecated declaration SC_ETUConfig - give arg types
  void SC_ETUConfig();
..\Code\STM32_USB-FS-Device_Driver\src\usb_pwr.c(24): warning:  #188-D: enumerated type mixed with another type
  
_IO bool fSuspendEnabled = 
RUE;  /* true when suspend is possible */
..\Code\STM32_USB-FS-Device_Driver\src\usb_pwr.c: 2 warnings, 0 errors
linking...
Program Size: Code=39700 RO-data=812 RW-data=476 ZI-data=8268  
FromELF: creating hex file...
".\output\CCID Reader uCos-II.axf" - 0 Error(s), 40 Warning(s).

<h2>Collection of Component include folders:</h2>
  C:\Users\a\Documents\GitHub\FMReaderV20\Code\FMReaderCode\project\RTE
  C:\Keil_v5\ARM\PACK\Keil\STM32F1xx_DFP\2.0.0\Device\Include

<h2>Collection of Component Files used:</h2>
</pre>
</body>
</html>
